\BOOKMARK [1][-]{section.1}{\376\377\000I\000n\000t\000r\000o\000d\000u\000c\000t\000i\000o\000n\000\040\000t\000o\000\040\000D\000e\000s\000i\000g\000n\000\040\000P\000a\000t\000t\000e\000r\000n\000s}{}% 1
\BOOKMARK [1][-]{section.2}{\376\377\000T\000h\000e\000\040\000F\000l\000y\000w\000e\000i\000g\000h\000t\000\040\000D\000e\000s\000i\000g\000n\000\040\000P\000a\000t\000t\000e\000r\000n}{}% 2
\BOOKMARK [2][-]{subsection.2.1}{\376\377\000O\000v\000e\000r\000v\000i\000e\000w}{section.2}% 3
\BOOKMARK [2][-]{subsection.2.2}{\376\377\000K\000e\000y\000\040\000C\000o\000n\000c\000e\000p\000t\000s}{section.2}% 4
\BOOKMARK [2][-]{subsection.2.3}{\376\377\000R\000e\000a\000l\000-\000W\000o\000r\000l\000d\000\040\000A\000n\000a\000l\000o\000g\000y}{section.2}% 5
\BOOKMARK [2][-]{subsection.2.4}{\376\377\000C\000a\000s\000e\000\040\000S\000t\000u\000d\000y\000:\000\040\000T\000r\000e\000e\000\040\000R\000e\000n\000d\000e\000r\000i\000n\000g\000\040\000i\000n\000\040\000a\000\040\000F\000o\000r\000e\000s\000t\000\040\000S\000i\000m\000u\000l\000a\000t\000i\000o\000n}{section.2}% 6
\BOOKMARK [3][-]{subsubsection.2.4.1}{\376\377\000P\000r\000o\000b\000l\000e\000m\000\040\000S\000t\000a\000t\000e\000m\000e\000n\000t}{subsection.2.4}% 7
\BOOKMARK [3][-]{subsubsection.2.4.2}{\376\377\000I\000m\000p\000l\000e\000m\000e\000n\000t\000a\000t\000i\000o\000n\000\040\000i\000n\000\040\000P\000y\000t\000h\000o\000n}{subsection.2.4}% 8
\BOOKMARK [3][-]{subsubsection.2.4.3}{\376\377\000O\000u\000t\000p\000u\000t}{subsection.2.4}% 9
\BOOKMARK [2][-]{subsection.2.5}{\376\377\000B\000e\000n\000e\000f\000i\000t\000s\000\040\000a\000n\000d\000\040\000L\000i\000m\000i\000t\000a\000t\000i\000o\000n\000s}{section.2}% 10
\BOOKMARK [3][-]{subsubsection.2.5.1}{\376\377\000B\000e\000n\000e\000f\000i\000t\000s}{subsection.2.5}% 11
\BOOKMARK [3][-]{subsubsection.2.5.2}{\376\377\000L\000i\000m\000i\000t\000a\000t\000i\000o\000n\000s}{subsection.2.5}% 12
\BOOKMARK [1][-]{section.3}{\376\377\000T\000h\000e\000\040\000F\000a\000c\000a\000d\000e\000\040\000D\000e\000s\000i\000g\000n\000\040\000P\000a\000t\000t\000e\000r\000n}{}% 13
\BOOKMARK [2][-]{subsection.3.1}{\376\377\000O\000v\000e\000r\000v\000i\000e\000w}{section.3}% 14
\BOOKMARK [2][-]{subsection.3.2}{\376\377\000K\000e\000y\000\040\000C\000o\000n\000c\000e\000p\000t\000s}{section.3}% 15
\BOOKMARK [2][-]{subsection.3.3}{\376\377\000R\000e\000a\000l\000-\000W\000o\000r\000l\000d\000\040\000A\000n\000a\000l\000o\000g\000y}{section.3}% 16
\BOOKMARK [2][-]{subsection.3.4}{\376\377\000C\000a\000s\000e\000\040\000S\000t\000u\000d\000y\000:\000\040\000C\000o\000m\000p\000l\000e\000x\000\040\000R\000e\000p\000o\000r\000t\000\040\000G\000e\000n\000e\000r\000a\000t\000i\000o\000n\000\040\000S\000y\000s\000t\000e\000m}{section.3}% 17
\BOOKMARK [3][-]{subsubsection.3.4.1}{\376\377\000P\000r\000o\000b\000l\000e\000m\000\040\000S\000t\000a\000t\000e\000m\000e\000n\000t}{subsection.3.4}% 18
\BOOKMARK [3][-]{subsubsection.3.4.2}{\376\377\000I\000m\000p\000l\000e\000m\000e\000n\000t\000a\000t\000i\000o\000n\000\040\000i\000n\000\040\000P\000y\000t\000h\000o\000n}{subsection.3.4}% 19
\BOOKMARK [3][-]{subsubsection.3.4.3}{\376\377\000O\000u\000t\000p\000u\000t}{subsection.3.4}% 20
\BOOKMARK [2][-]{subsection.3.5}{\376\377\000B\000e\000n\000e\000f\000i\000t\000s\000\040\000a\000n\000d\000\040\000L\000i\000m\000i\000t\000a\000t\000i\000o\000n\000s}{section.3}% 21
\BOOKMARK [3][-]{subsubsection.3.5.1}{\376\377\000B\000e\000n\000e\000f\000i\000t\000s}{subsection.3.5}% 22
\BOOKMARK [3][-]{subsubsection.3.5.2}{\376\377\000L\000i\000m\000i\000t\000a\000t\000i\000o\000n\000s}{subsection.3.5}% 23
\BOOKMARK [1][-]{section.4}{\376\377\000C\000o\000m\000p\000a\000r\000i\000n\000g\000\040\000F\000l\000y\000w\000e\000i\000g\000h\000t\000\040\000a\000n\000d\000\040\000F\000a\000c\000a\000d\000e\000\040\000P\000a\000t\000t\000e\000r\000n\000s}{}% 24
\BOOKMARK [1][-]{section.5}{\376\377\000C\000o\000n\000c\000l\000u\000s\000i\000o\000n}{}% 25
