#! /c/Source/iverilog-install/bin/vvp
:ivl_version "12.0 (devel)" "(s20150603-1110-g18392a46)";
:ivl_delay_selection "TYPICAL";
:vpi_time_precision + 0;
:vpi_module "C:\iverilog\lib\ivl\system.vpi";
:vpi_module "C:\iverilog\lib\ivl\vhdl_sys.vpi";
:vpi_module "C:\iverilog\lib\ivl\vhdl_textio.vpi";
:vpi_module "C:\iverilog\lib\ivl\v2005_math.vpi";
:vpi_module "C:\iverilog\lib\ivl\va_math.vpi";
S_0000020a374710d0 .scope module, "FullSubtractor_4bit_TB" "FullSubtractor_4bit_TB" 2 1;
 .timescale 0 0;
v0000020a374d2460_0 .var "A", 3 0;
v0000020a374d3900_0 .var "B", 3 0;
v0000020a374d3540_0 .var "Cin", 0 0;
v0000020a374d37c0_0 .net "Cout", 0 0, L_0000020a374d49e0;  1 drivers
v0000020a374d2b40_0 .net "Diff", 3 0, L_0000020a374d28c0;  1 drivers
S_0000020a37471260 .scope module, "uut" "FullSubtractor_4bit" 2 8, 3 1 0, S_0000020a374710d0;
 .timescale 0 0;
    .port_info 0 /INPUT 4 "A";
    .port_info 1 /INPUT 4 "B";
    .port_info 2 /INPUT 1 "Cin";
    .port_info 3 /OUTPUT 4 "Diff";
    .port_info 4 /OUTPUT 1 "Cout";
v0000020a374d2e60_0 .net "A", 3 0, v0000020a374d2460_0;  1 drivers
v0000020a374d2640_0 .net "B", 3 0, v0000020a374d3900_0;  1 drivers
v0000020a374d3180_0 .net "Borrow", 3 0, L_0000020a374d2a00;  1 drivers
v0000020a374d3cc0_0 .net "Cin", 0 0, v0000020a374d3540_0;  1 drivers
v0000020a374d2140_0 .net "Cout", 0 0, L_0000020a374d49e0;  alias, 1 drivers
v0000020a374d2aa0_0 .net "Diff", 3 0, L_0000020a374d28c0;  alias, 1 drivers
o0000020a3747c9f8 .functor BUFZ 1, C4<z>; HiZ drive
; Elide local net with no drivers, v0000020a374d26e0_0 name=_ivl_39
L_0000020a374d3860 .part v0000020a374d2460_0, 0, 1;
L_0000020a374d2c80 .part v0000020a374d3900_0, 0, 1;
L_0000020a374d2320 .part v0000020a374d2460_0, 1, 1;
L_0000020a374d3d60 .part v0000020a374d3900_0, 1, 1;
L_0000020a374d3220 .part L_0000020a374d2a00, 0, 1;
L_0000020a374d3e00 .part v0000020a374d2460_0, 2, 1;
L_0000020a374d3ea0 .part v0000020a374d3900_0, 2, 1;
L_0000020a374d2780 .part L_0000020a374d2a00, 1, 1;
L_0000020a374d2d20 .part v0000020a374d2460_0, 3, 1;
L_0000020a374d3040 .part v0000020a374d3900_0, 3, 1;
L_0000020a374d2820 .part L_0000020a374d2a00, 2, 1;
L_0000020a374d28c0 .concat8 [ 1 1 1 1], L_0000020a374d46d0, L_0000020a374d4740, L_0000020a374d4970, L_0000020a374d4820;
L_0000020a374d2a00 .concat [ 1 1 1 1], L_0000020a374d4ac0, L_0000020a374d4900, L_0000020a374d4510, o0000020a3747c9f8;
S_0000020a373be900 .scope module, "fs0" "FullSubtractor_1bit" 3 4, 3 11 0, S_0000020a37471260;
 .timescale 0 0;
    .port_info 0 /INPUT 1 "A";
    .port_info 1 /INPUT 1 "B";
    .port_info 2 /INPUT 1 "Cin";
    .port_info 3 /OUTPUT 1 "Diff";
    .port_info 4 /OUTPUT 1 "Borrow";
L_0000020a37469170 .functor XOR 1, L_0000020a374d3860, L_0000020a374d2c80, C4<0>, C4<0>;
L_0000020a374d4270 .functor XOR 1, L_0000020a374d3860, v0000020a374d3540_0, C4<0>, C4<0>;
L_0000020a374d4c10 .functor AND 1, L_0000020a374d2c80, v0000020a374d3540_0, C4<1>, C4<1>;
L_0000020a374d46d0 .functor XOR 1, L_0000020a37469170, v0000020a374d3540_0, C4<0>, C4<0>;
L_0000020a374d4ac0 .functor OR 1, L_0000020a374d4270, L_0000020a374d4c10, C4<0>, C4<0>;
v0000020a3746c0f0_0 .net "A", 0 0, L_0000020a374d3860;  1 drivers
v0000020a3746c190_0 .net "B", 0 0, L_0000020a374d2c80;  1 drivers
v0000020a3746c230_0 .net "Borrow", 0 0, L_0000020a374d4ac0;  1 drivers
v0000020a3746c410_0 .net "Cin", 0 0, v0000020a374d3540_0;  alias, 1 drivers
v0000020a3746c730_0 .net "Diff", 0 0, L_0000020a374d46d0;  1 drivers
v0000020a3746ccd0_0 .net "w1", 0 0, L_0000020a37469170;  1 drivers
v0000020a3746c7d0_0 .net "w2", 0 0, L_0000020a374d4270;  1 drivers
v0000020a3746c9b0_0 .net "w3", 0 0, L_0000020a374d4c10;  1 drivers
S_0000020a373bea90 .scope module, "fs1" "FullSubtractor_1bit" 3 5, 3 11 0, S_0000020a37471260;
 .timescale 0 0;
    .port_info 0 /INPUT 1 "A";
    .port_info 1 /INPUT 1 "B";
    .port_info 2 /INPUT 1 "Cin";
    .port_info 3 /OUTPUT 1 "Diff";
    .port_info 4 /OUTPUT 1 "Borrow";
L_0000020a374d4890 .functor XOR 1, L_0000020a374d2320, L_0000020a374d3d60, C4<0>, C4<0>;
L_0000020a374d43c0 .functor XOR 1, L_0000020a374d2320, L_0000020a374d3220, C4<0>, C4<0>;
L_0000020a374d4660 .functor AND 1, L_0000020a374d3d60, L_0000020a374d3220, C4<1>, C4<1>;
L_0000020a374d4740 .functor XOR 1, L_0000020a374d4890, L_0000020a374d3220, C4<0>, C4<0>;
L_0000020a374d4900 .functor OR 1, L_0000020a374d43c0, L_0000020a374d4660, C4<0>, C4<0>;
v0000020a3746bf10_0 .net "A", 0 0, L_0000020a374d2320;  1 drivers
v0000020a374d2960_0 .net "B", 0 0, L_0000020a374d3d60;  1 drivers
v0000020a374d2dc0_0 .net "Borrow", 0 0, L_0000020a374d4900;  1 drivers
v0000020a374d3a40_0 .net "Cin", 0 0, L_0000020a374d3220;  1 drivers
v0000020a374d3400_0 .net "Diff", 0 0, L_0000020a374d4740;  1 drivers
v0000020a374d35e0_0 .net "w1", 0 0, L_0000020a374d4890;  1 drivers
v0000020a374d3720_0 .net "w2", 0 0, L_0000020a374d43c0;  1 drivers
v0000020a374d3680_0 .net "w3", 0 0, L_0000020a374d4660;  1 drivers
S_0000020a373bec20 .scope module, "fs2" "FullSubtractor_1bit" 3 6, 3 11 0, S_0000020a37471260;
 .timescale 0 0;
    .port_info 0 /INPUT 1 "A";
    .port_info 1 /INPUT 1 "B";
    .port_info 2 /INPUT 1 "Cin";
    .port_info 3 /OUTPUT 1 "Diff";
    .port_info 4 /OUTPUT 1 "Borrow";
L_0000020a374d4dd0 .functor XOR 1, L_0000020a374d3e00, L_0000020a374d3ea0, C4<0>, C4<0>;
L_0000020a374d4f20 .functor XOR 1, L_0000020a374d3e00, L_0000020a374d2780, C4<0>, C4<0>;
L_0000020a374d47b0 .functor AND 1, L_0000020a374d3ea0, L_0000020a374d2780, C4<1>, C4<1>;
L_0000020a374d4970 .functor XOR 1, L_0000020a374d4dd0, L_0000020a374d2780, C4<0>, C4<0>;
L_0000020a374d4510 .functor OR 1, L_0000020a374d4f20, L_0000020a374d47b0, C4<0>, C4<0>;
v0000020a374d3c20_0 .net "A", 0 0, L_0000020a374d3e00;  1 drivers
v0000020a374d25a0_0 .net "B", 0 0, L_0000020a374d3ea0;  1 drivers
v0000020a374d3f40_0 .net "Borrow", 0 0, L_0000020a374d4510;  1 drivers
v0000020a374d21e0_0 .net "Cin", 0 0, L_0000020a374d2780;  1 drivers
v0000020a374d3360_0 .net "Diff", 0 0, L_0000020a374d4970;  1 drivers
v0000020a374d2280_0 .net "w1", 0 0, L_0000020a374d4dd0;  1 drivers
v0000020a374d2be0_0 .net "w2", 0 0, L_0000020a374d4f20;  1 drivers
v0000020a374d2500_0 .net "w3", 0 0, L_0000020a374d47b0;  1 drivers
S_0000020a37442720 .scope module, "fs3" "FullSubtractor_1bit" 3 7, 3 11 0, S_0000020a37471260;
 .timescale 0 0;
    .port_info 0 /INPUT 1 "A";
    .port_info 1 /INPUT 1 "B";
    .port_info 2 /INPUT 1 "Cin";
    .port_info 3 /OUTPUT 1 "Diff";
    .port_info 4 /OUTPUT 1 "Borrow";
L_0000020a374d4f90 .functor XOR 1, L_0000020a374d2d20, L_0000020a374d3040, C4<0>, C4<0>;
L_0000020a374d40b0 .functor XOR 1, L_0000020a374d2d20, L_0000020a374d2820, C4<0>, C4<0>;
L_0000020a374d4e40 .functor AND 1, L_0000020a374d3040, L_0000020a374d2820, C4<1>, C4<1>;
L_0000020a374d4820 .functor XOR 1, L_0000020a374d4f90, L_0000020a374d2820, C4<0>, C4<0>;
L_0000020a374d49e0 .functor OR 1, L_0000020a374d40b0, L_0000020a374d4e40, C4<0>, C4<0>;
v0000020a374d23c0_0 .net "A", 0 0, L_0000020a374d2d20;  1 drivers
v0000020a374d3ae0_0 .net "B", 0 0, L_0000020a374d3040;  1 drivers
v0000020a374d3b80_0 .net "Borrow", 0 0, L_0000020a374d49e0;  alias, 1 drivers
v0000020a374d34a0_0 .net "Cin", 0 0, L_0000020a374d2820;  1 drivers
v0000020a374d39a0_0 .net "Diff", 0 0, L_0000020a374d4820;  1 drivers
v0000020a374d2fa0_0 .net "w1", 0 0, L_0000020a374d4f90;  1 drivers
v0000020a374d2f00_0 .net "w2", 0 0, L_0000020a374d40b0;  1 drivers
v0000020a374d20a0_0 .net "w3", 0 0, L_0000020a374d4e40;  1 drivers
    .scope S_0000020a374710d0;
T_0 ;
    %vpi_call 2 17 "$monitor", "A=%b, B=%b, Cin=%b, Diff=%b, Cout=%b", v0000020a374d2460_0, v0000020a374d3900_0, v0000020a374d3540_0, v0000020a374d2b40_0, v0000020a374d37c0_0 {0 0 0};
    %pushi/vec4 0, 0, 4;
    %store/vec4 v0000020a374d2460_0, 0, 4;
    %pushi/vec4 0, 0, 4;
    %store/vec4 v0000020a374d3900_0, 0, 4;
    %pushi/vec4 0, 0, 1;
    %store/vec4 v0000020a374d3540_0, 0, 1;
    %delay 10, 0;
    %pushi/vec4 15, 0, 4;
    %store/vec4 v0000020a374d2460_0, 0, 4;
    %pushi/vec4 1, 0, 4;
    %store/vec4 v0000020a374d3900_0, 0, 4;
    %pushi/vec4 1, 0, 1;
    %store/vec4 v0000020a374d3540_0, 0, 1;
    %delay 10, 0;
    %pushi/vec4 5, 0, 4;
    %store/vec4 v0000020a374d2460_0, 0, 4;
    %pushi/vec4 2, 0, 4;
    %store/vec4 v0000020a374d3900_0, 0, 4;
    %pushi/vec4 0, 0, 1;
    %store/vec4 v0000020a374d3540_0, 0, 1;
    %delay 10, 0;
    %vpi_call 2 39 "$finish" {0 0 0};
    %end;
    .thread T_0;
# The file index is used to find the file name in the following table.
:file_names 4;
    "N/A";
    "<interactive>";
    "4bitSub_tb.v";
    "4bitSub.v";
