This is pdfTeX, Version 3.141592653-2.6-1.40.27 (MiKTeX 25.4) (preloaded format=pdflatex 2025.7.26)  18 OCT 2025 14:57
entering extended mode
 restricted \write18 enabled.
 file:line:error style messages enabled.
 %&-line parsing enabled.
**"r:/4-1 Semester/Lab/latexfinal/latex/report.tex"
(r:/4-1 Semester/Lab/latexfinal/latex/report.tex
LaTeX2e <2025-06-01> patch level 1
L3 programming layer <2025-07-19>
(C:\Users\ASUS\AppData\Local\Programs\MiKTeX\tex/latex/base\article.cls
Document Class: article 2025/01/22 v1.4n Standard LaTeX document class
(C:\Users\ASUS\AppData\Local\Programs\MiKTeX\tex/latex/base\size12.clo
File: size12.clo 2025/01/22 v1.4n Standard LaTeX file (size option)
)
\c@part=\count275
\c@section=\count276
\c@subsection=\count277
\c@subsubsection=\count278
\c@paragraph=\count279
\c@subparagraph=\count280
\c@figure=\count281
\c@table=\count282
\abovecaptionskip=\skip49
\belowcaptionskip=\skip50
\bibindent=\dimen148
) (C:\Users\ASUS\AppData\Local\Programs\MiKTeX\tex/latex/xcolor\xcolor.sty
Package: xcolor 2024/09/29 v3.02 LaTeX color extensions (UK)
 (C:\Users\ASUS\AppData\Local\Programs\MiKTeX\tex/latex/graphics-cfg\color.cfg
File: color.cfg 2016/01/02 v1.6 sample color configuration
)
Package xcolor Info: Driver file: pdftex.def on input line 274.
 (C:\Users\ASUS\AppData\Local\Programs\MiKTeX\tex/latex/graphics-def\pdftex.def
File: pdftex.def 2024/04/13 v1.2c Graphics/color driver for pdftex
) (C:\Users\ASUS\AppData\Local\Programs\MiKTeX\tex/latex/graphics\mathcolor.ltx)
Package xcolor Info: Model `cmy' substituted by `cmy0' on input line 1349.
Package xcolor Info: Model `hsb' substituted by `rgb' on input line 1353.
Package xcolor Info: Model `RGB' extended on input line 1365.
Package xcolor Info: Model `HTML' substituted by `rgb' on input line 1367.
Package xcolor Info: Model `Hsb' substituted by `hsb' on input line 1368.
Package xcolor Info: Model `tHsb' substituted by `hsb' on input line 1369.
Package xcolor Info: Model `HSB' substituted by `hsb' on input line 1370.
Package xcolor Info: Model `Gray' substituted by `gray' on input line 1371.
Package xcolor Info: Model `wave' substituted by `hsb' on input line 1372.
) (C:\Users\ASUS\AppData\Local\Programs\MiKTeX\tex/latex/colortbl\colortbl.sty
Package: colortbl 2024/10/29 v1.0k Color table columns (DPC)
 (C:\Users\ASUS\AppData\Local\Programs\MiKTeX\tex/latex/tools\array.sty
Package: array 2025/06/08 v2.6j Tabular extension package (FMi)
\col@sep=\dimen149
\ar@mcellbox=\box53
\extrarowheight=\dimen150
\NC@list=\toks17
\extratabsurround=\skip51
\backup@length=\skip52
\ar@cellbox=\box54
)
\everycr=\toks18
\minrowclearance=\skip53
\rownum=\count283
) (C:\Users\ASUS\AppData\Local\Programs\MiKTeX\tex/latex/base\inputenc.sty
Package: inputenc 2024/02/08 v1.3d Input encoding file
\inpenc@prehook=\toks19
\inpenc@posthook=\toks20
) (C:\Users\ASUS\AppData\Local\Programs\MiKTeX\tex/latex/base\fontenc.sty
Package: fontenc 2024/12/21 v2.1c Standard LaTeX package
) (C:\Users\ASUS\AppData\Local\Programs\MiKTeX\tex/latex/tcolorbox\tcolorbox.sty
Package: tcolorbox 2025/07/08 version 6.7.1 text color boxes
 (C:\Users\ASUS\AppData\Local\Programs\MiKTeX\tex/latex/pgf/frontendlayer\tikz.sty (C:\Users\ASUS\AppData\Local\Programs\MiKTeX\tex/latex/pgf/basiclayer\pgf.sty (C:\Users\ASUS\AppData\Local\Programs\MiKTeX\tex/latex/pgf/utilities\pgfrcs.sty (C:\Users\ASUS\AppData\Local\Programs\MiKTeX\tex/generic/pgf/utilities\pgfutil-common.tex
\pgfutil@everybye=\toks21
\pgfutil@tempdima=\dimen151
\pgfutil@tempdimb=\dimen152
) (C:\Users\ASUS\AppData\Local\Programs\MiKTeX\tex/generic/pgf/utilities\pgfutil-latex.def
\pgfutil@abb=\box55
) (C:\Users\ASUS\AppData\Local\Programs\MiKTeX\tex/generic/pgf/utilities\pgfrcs.code.tex (C:\Users\ASUS\AppData\Local\Programs\MiKTeX\tex/generic/pgf\pgf.revision.tex)
Package: pgfrcs 2023-01-15 v3.1.10 (3.1.10)
))
Package: pgf 2023-01-15 v3.1.10 (3.1.10)
 (C:\Users\ASUS\AppData\Local\Programs\MiKTeX\tex/latex/pgf/basiclayer\pgfcore.sty (C:\Users\ASUS\AppData\Local\Programs\MiKTeX\tex/latex/graphics\graphicx.sty
Package: graphicx 2024/12/31 v1.2e Enhanced LaTeX Graphics (DPC,SPQR)
 (C:\Users\ASUS\AppData\Local\Programs\MiKTeX\tex/latex/graphics\keyval.sty
Package: keyval 2022/05/29 v1.15 key=value parser (DPC)
\KV@toks@=\toks22
) (C:\Users\ASUS\AppData\Local\Programs\MiKTeX\tex/latex/graphics\graphics.sty
Package: graphics 2024/08/06 v1.4g Standard LaTeX Graphics (DPC,SPQR)
 (C:\Users\ASUS\AppData\Local\Programs\MiKTeX\tex/latex/graphics\trig.sty
Package: trig 2023/12/02 v1.11 sin cos tan (DPC)
) (C:\Users\ASUS\AppData\Local\Programs\MiKTeX\tex/latex/graphics-cfg\graphics.cfg
File: graphics.cfg 2016/06/04 v1.11 sample graphics configuration
)
Package graphics Info: Driver file: pdftex.def on input line 106.
)
\Gin@req@height=\dimen153
\Gin@req@width=\dimen154
) (C:\Users\ASUS\AppData\Local\Programs\MiKTeX\tex/latex/pgf/systemlayer\pgfsys.sty (C:\Users\ASUS\AppData\Local\Programs\MiKTeX\tex/generic/pgf/systemlayer\pgfsys.code.tex
Package: pgfsys 2023-01-15 v3.1.10 (3.1.10)
 (C:\Users\ASUS\AppData\Local\Programs\MiKTeX\tex/generic/pgf/utilities\pgfkeys.code.tex
\pgfkeys@pathtoks=\toks23
\pgfkeys@temptoks=\toks24
 (C:\Users\ASUS\AppData\Local\Programs\MiKTeX\tex/generic/pgf/utilities\pgfkeyslibraryfiltered.code.tex
\pgfkeys@tmptoks=\toks25
))
\pgf@x=\dimen155
\pgf@y=\dimen156
\pgf@xa=\dimen157
\pgf@ya=\dimen158
\pgf@xb=\dimen159
\pgf@yb=\dimen160
\pgf@xc=\dimen161
\pgf@yc=\dimen162
\pgf@xd=\dimen163
\pgf@yd=\dimen164
\w@pgf@writea=\write3
\r@pgf@reada=\read2
\c@pgf@counta=\count284
\c@pgf@countb=\count285
\c@pgf@countc=\count286
\c@pgf@countd=\count287
\t@pgf@toka=\toks26
\t@pgf@tokb=\toks27
\t@pgf@tokc=\toks28
\pgf@sys@id@count=\count288
 (C:\Users\ASUS\AppData\Local\Programs\MiKTeX\tex/generic/pgf/systemlayer\pgf.cfg
File: pgf.cfg 2023-01-15 v3.1.10 (3.1.10)
)
Driver file for pgf: pgfsys-pdftex.def
 (C:\Users\ASUS\AppData\Local\Programs\MiKTeX\tex/generic/pgf/systemlayer\pgfsys-pdftex.def
File: pgfsys-pdftex.def 2023-01-15 v3.1.10 (3.1.10)
 (C:\Users\ASUS\AppData\Local\Programs\MiKTeX\tex/generic/pgf/systemlayer\pgfsys-common-pdf.def
File: pgfsys-common-pdf.def 2023-01-15 v3.1.10 (3.1.10)
))) (C:\Users\ASUS\AppData\Local\Programs\MiKTeX\tex/generic/pgf/systemlayer\pgfsyssoftpath.code.tex
File: pgfsyssoftpath.code.tex 2023-01-15 v3.1.10 (3.1.10)
\pgfsyssoftpath@smallbuffer@items=\count289
\pgfsyssoftpath@bigbuffer@items=\count290
) (C:\Users\ASUS\AppData\Local\Programs\MiKTeX\tex/generic/pgf/systemlayer\pgfsysprotocol.code.tex
File: pgfsysprotocol.code.tex 2023-01-15 v3.1.10 (3.1.10)
)) (C:\Users\ASUS\AppData\Local\Programs\MiKTeX\tex/generic/pgf/basiclayer\pgfcore.code.tex
Package: pgfcore 2023-01-15 v3.1.10 (3.1.10)
 (C:\Users\ASUS\AppData\Local\Programs\MiKTeX\tex/generic/pgf/math\pgfmath.code.tex (C:\Users\ASUS\AppData\Local\Programs\MiKTeX\tex/generic/pgf/math\pgfmathutil.code.tex) (C:\Users\ASUS\AppData\Local\Programs\MiKTeX\tex/generic/pgf/math\pgfmathparser.code.tex
\pgfmath@dimen=\dimen165
\pgfmath@count=\count291
\pgfmath@box=\box56
\pgfmath@toks=\toks29
\pgfmath@stack@operand=\toks30
\pgfmath@stack@operation=\toks31
) (C:\Users\ASUS\AppData\Local\Programs\MiKTeX\tex/generic/pgf/math\pgfmathfunctions.code.tex) (C:\Users\ASUS\AppData\Local\Programs\MiKTeX\tex/generic/pgf/math\pgfmathfunctions.basic.code.tex) (C:\Users\ASUS\AppData\Local\Programs\MiKTeX\tex/generic/pgf/math\pgfmathfunctions.trigonometric.code.tex) (C:\Users\ASUS\AppData\Local\Programs\MiKTeX\tex/generic/pgf/math\pgfmathfunctions.random.code.tex) (C:\Users\ASUS\AppData\Local\Programs\MiKTeX\tex/generic/pgf/math\pgfmathfunctions.comparison.code.tex) (C:\Users\ASUS\AppData\Local\Programs\MiKTeX\tex/generic/pgf/math\pgfmathfunctions.base.code.tex) (C:\Users\ASUS\AppData\Local\Programs\MiKTeX\tex/generic/pgf/math\pgfmathfunctions.round.code.tex) (C:\Users\ASUS\AppData\Local\Programs\MiKTeX\tex/generic/pgf/math\pgfmathfunctions.misc.code.tex) (C:\Users\ASUS\AppData\Local\Programs\MiKTeX\tex/generic/pgf/math\pgfmathfunctions.integerarithmetics.code.tex) (C:\Users\ASUS\AppData\Local\Programs\MiKTeX\tex/generic/pgf/math\pgfmathcalc.code.tex) (C:\Users\ASUS\AppData\Local\Programs\MiKTeX\tex/generic/pgf/math\pgfmathfloat.code.tex
\c@pgfmathroundto@lastzeros=\count292
)) (C:\Users\ASUS\AppData\Local\Programs\MiKTeX\tex/generic/pgf/math\pgfint.code.tex) (C:\Users\ASUS\AppData\Local\Programs\MiKTeX\tex/generic/pgf/basiclayer\pgfcorepoints.code.tex
File: pgfcorepoints.code.tex 2023-01-15 v3.1.10 (3.1.10)
\pgf@picminx=\dimen166
\pgf@picmaxx=\dimen167
\pgf@picminy=\dimen168
\pgf@picmaxy=\dimen169
\pgf@pathminx=\dimen170
\pgf@pathmaxx=\dimen171
\pgf@pathminy=\dimen172
\pgf@pathmaxy=\dimen173
\pgf@xx=\dimen174
\pgf@xy=\dimen175
\pgf@yx=\dimen176
\pgf@yy=\dimen177
\pgf@zx=\dimen178
\pgf@zy=\dimen179
) (C:\Users\ASUS\AppData\Local\Programs\MiKTeX\tex/generic/pgf/basiclayer\pgfcorepathconstruct.code.tex
File: pgfcorepathconstruct.code.tex 2023-01-15 v3.1.10 (3.1.10)
\pgf@path@lastx=\dimen180
\pgf@path@lasty=\dimen181
) (C:\Users\ASUS\AppData\Local\Programs\MiKTeX\tex/generic/pgf/basiclayer\pgfcorepathusage.code.tex
File: pgfcorepathusage.code.tex 2023-01-15 v3.1.10 (3.1.10)
\pgf@shorten@end@additional=\dimen182
\pgf@shorten@start@additional=\dimen183
) (C:\Users\ASUS\AppData\Local\Programs\MiKTeX\tex/generic/pgf/basiclayer\pgfcorescopes.code.tex
File: pgfcorescopes.code.tex 2023-01-15 v3.1.10 (3.1.10)
\pgfpic=\box57
\pgf@hbox=\box58
\pgf@layerbox@main=\box59
\pgf@picture@serial@count=\count293
) (C:\Users\ASUS\AppData\Local\Programs\MiKTeX\tex/generic/pgf/basiclayer\pgfcoregraphicstate.code.tex
File: pgfcoregraphicstate.code.tex 2023-01-15 v3.1.10 (3.1.10)
\pgflinewidth=\dimen184
) (C:\Users\ASUS\AppData\Local\Programs\MiKTeX\tex/generic/pgf/basiclayer\pgfcoretransformations.code.tex
File: pgfcoretransformations.code.tex 2023-01-15 v3.1.10 (3.1.10)
\pgf@pt@x=\dimen185
\pgf@pt@y=\dimen186
\pgf@pt@temp=\dimen187
) (C:\Users\ASUS\AppData\Local\Programs\MiKTeX\tex/generic/pgf/basiclayer\pgfcorequick.code.tex
File: pgfcorequick.code.tex 2023-01-15 v3.1.10 (3.1.10)
) (C:\Users\ASUS\AppData\Local\Programs\MiKTeX\tex/generic/pgf/basiclayer\pgfcoreobjects.code.tex
File: pgfcoreobjects.code.tex 2023-01-15 v3.1.10 (3.1.10)
) (C:\Users\ASUS\AppData\Local\Programs\MiKTeX\tex/generic/pgf/basiclayer\pgfcorepathprocessing.code.tex
File: pgfcorepathprocessing.code.tex 2023-01-15 v3.1.10 (3.1.10)
) (C:\Users\ASUS\AppData\Local\Programs\MiKTeX\tex/generic/pgf/basiclayer\pgfcorearrows.code.tex
File: pgfcorearrows.code.tex 2023-01-15 v3.1.10 (3.1.10)
\pgfarrowsep=\dimen188
) (C:\Users\ASUS\AppData\Local\Programs\MiKTeX\tex/generic/pgf/basiclayer\pgfcoreshade.code.tex
File: pgfcoreshade.code.tex 2023-01-15 v3.1.10 (3.1.10)
\pgf@max=\dimen189
\pgf@sys@shading@range@num=\count294
\pgf@shadingcount=\count295
) (C:\Users\ASUS\AppData\Local\Programs\MiKTeX\tex/generic/pgf/basiclayer\pgfcoreimage.code.tex
File: pgfcoreimage.code.tex 2023-01-15 v3.1.10 (3.1.10)
) (C:\Users\ASUS\AppData\Local\Programs\MiKTeX\tex/generic/pgf/basiclayer\pgfcoreexternal.code.tex
File: pgfcoreexternal.code.tex 2023-01-15 v3.1.10 (3.1.10)
\pgfexternal@startupbox=\box60
) (C:\Users\ASUS\AppData\Local\Programs\MiKTeX\tex/generic/pgf/basiclayer\pgfcorelayers.code.tex
File: pgfcorelayers.code.tex 2023-01-15 v3.1.10 (3.1.10)
) (C:\Users\ASUS\AppData\Local\Programs\MiKTeX\tex/generic/pgf/basiclayer\pgfcoretransparency.code.tex
File: pgfcoretransparency.code.tex 2023-01-15 v3.1.10 (3.1.10)
) (C:\Users\ASUS\AppData\Local\Programs\MiKTeX\tex/generic/pgf/basiclayer\pgfcorepatterns.code.tex
File: pgfcorepatterns.code.tex 2023-01-15 v3.1.10 (3.1.10)
) (C:\Users\ASUS\AppData\Local\Programs\MiKTeX\tex/generic/pgf/basiclayer\pgfcorerdf.code.tex
File: pgfcorerdf.code.tex 2023-01-15 v3.1.10 (3.1.10)
))) (C:\Users\ASUS\AppData\Local\Programs\MiKTeX\tex/generic/pgf/modules\pgfmoduleshapes.code.tex
File: pgfmoduleshapes.code.tex 2023-01-15 v3.1.10 (3.1.10)
\pgfnodeparttextbox=\box61
) (C:\Users\ASUS\AppData\Local\Programs\MiKTeX\tex/generic/pgf/modules\pgfmoduleplot.code.tex
File: pgfmoduleplot.code.tex 2023-01-15 v3.1.10 (3.1.10)
) (C:\Users\ASUS\AppData\Local\Programs\MiKTeX\tex/latex/pgf/compatibility\pgfcomp-version-0-65.sty
Package: pgfcomp-version-0-65 2023-01-15 v3.1.10 (3.1.10)
\pgf@nodesepstart=\dimen190
\pgf@nodesepend=\dimen191
) (C:\Users\ASUS\AppData\Local\Programs\MiKTeX\tex/latex/pgf/compatibility\pgfcomp-version-1-18.sty
Package: pgfcomp-version-1-18 2023-01-15 v3.1.10 (3.1.10)
)) (C:\Users\ASUS\AppData\Local\Programs\MiKTeX\tex/latex/pgf/utilities\pgffor.sty (C:\Users\ASUS\AppData\Local\Programs\MiKTeX\tex/latex/pgf/utilities\pgfkeys.sty (C:\Users\ASUS\AppData\Local\Programs\MiKTeX\tex/generic/pgf/utilities\pgfkeys.code.tex)) (C:\Users\ASUS\AppData\Local\Programs\MiKTeX\tex/latex/pgf/math\pgfmath.sty (C:\Users\ASUS\AppData\Local\Programs\MiKTeX\tex/generic/pgf/math\pgfmath.code.tex)) (C:\Users\ASUS\AppData\Local\Programs\MiKTeX\tex/generic/pgf/utilities\pgffor.code.tex
Package: pgffor 2023-01-15 v3.1.10 (3.1.10)
\pgffor@iter=\dimen192
\pgffor@skip=\dimen193
\pgffor@stack=\toks32
\pgffor@toks=\toks33
)) (C:\Users\ASUS\AppData\Local\Programs\MiKTeX\tex/generic/pgf/frontendlayer/tikz\tikz.code.tex
Package: tikz 2023-01-15 v3.1.10 (3.1.10)
 (C:\Users\ASUS\AppData\Local\Programs\MiKTeX\tex/generic/pgf/libraries\pgflibraryplothandlers.code.tex
File: pgflibraryplothandlers.code.tex 2023-01-15 v3.1.10 (3.1.10)
\pgf@plot@mark@count=\count296
\pgfplotmarksize=\dimen194
)
\tikz@lastx=\dimen195
\tikz@lasty=\dimen196
\tikz@lastxsaved=\dimen197
\tikz@lastysaved=\dimen198
\tikz@lastmovetox=\dimen199
\tikz@lastmovetoy=\dimen256
\tikzleveldistance=\dimen257
\tikzsiblingdistance=\dimen258
\tikz@figbox=\box62
\tikz@figbox@bg=\box63
\tikz@tempbox=\box64
\tikz@tempbox@bg=\box65
\tikztreelevel=\count297
\tikznumberofchildren=\count298
\tikznumberofcurrentchild=\count299
\tikz@fig@count=\count300
 (C:\Users\ASUS\AppData\Local\Programs\MiKTeX\tex/generic/pgf/modules\pgfmodulematrix.code.tex
File: pgfmodulematrix.code.tex 2023-01-15 v3.1.10 (3.1.10)
\pgfmatrixcurrentrow=\count301
\pgfmatrixcurrentcolumn=\count302
\pgf@matrix@numberofcolumns=\count303
)
\tikz@expandcount=\count304
 (C:\Users\ASUS\AppData\Local\Programs\MiKTeX\tex/generic/pgf/frontendlayer/tikz/libraries\tikzlibrarytopaths.code.tex
File: tikzlibrarytopaths.code.tex 2023-01-15 v3.1.10 (3.1.10)
))) (C:\Users\ASUS\AppData\Local\Programs\MiKTeX\tex/latex/tools\verbatim.sty
Package: verbatim 2024-01-22 v1.5x LaTeX2e package for verbatim enhancements
\every@verbatim=\toks34
\verbatim@line=\toks35
\verbatim@in@stream=\read3
) (C:\Users\ASUS\AppData\Local\Programs\MiKTeX\tex/latex/environ\environ.sty
Package: environ 2014/05/04 v0.3 A new way to define environments
 (C:\Users\ASUS\AppData\Local\Programs\MiKTeX\tex/latex/trimspaces\trimspaces.sty
Package: trimspaces 2009/09/17 v1.1 Trim spaces around a token list
)
\@envbody=\toks36
) (C:\Users\ASUS\AppData\Local\Programs\MiKTeX\tex/latex/etoolbox\etoolbox.sty
Package: etoolbox 2025/02/11 v2.5l e-TeX tools for LaTeX (JAW)
\etb@tempcnta=\count305
)
\tcb@titlebox=\box66
\tcb@upperbox=\box67
\tcb@lowerbox=\box68
\tcb@phantombox=\box69
\c@tcbbreakpart=\count306
\c@tcblayer=\count307
\c@tcolorbox@number=\count308
\l__tcobox_tmpa_box=\box70
\l__tcobox_tmpa_dim=\dimen259
\tcb@temp=\box71
\tcb@temp=\box72
\tcb@temp=\box73
\tcb@temp=\box74
) (C:\Users\ASUS\AppData\Local\Programs\MiKTeX\tex/latex/lm\lmodern.sty
Package: lmodern 2015/05/01 v1.6.1 Latin Modern Fonts
LaTeX Font Info:    Overwriting symbol font `operators' in version `normal'
(Font)                  OT1/cmr/m/n --> OT1/lmr/m/n on input line 22.
LaTeX Font Info:    Overwriting symbol font `letters' in version `normal'
(Font)                  OML/cmm/m/it --> OML/lmm/m/it on input line 23.
LaTeX Font Info:    Overwriting symbol font `symbols' in version `normal'
(Font)                  OMS/cmsy/m/n --> OMS/lmsy/m/n on input line 24.
LaTeX Font Info:    Overwriting symbol font `largesymbols' in version `normal'
(Font)                  OMX/cmex/m/n --> OMX/lmex/m/n on input line 25.
LaTeX Font Info:    Overwriting symbol font `operators' in version `bold'
(Font)                  OT1/cmr/bx/n --> OT1/lmr/bx/n on input line 26.
LaTeX Font Info:    Overwriting symbol font `letters' in version `bold'
(Font)                  OML/cmm/b/it --> OML/lmm/b/it on input line 27.
LaTeX Font Info:    Overwriting symbol font `symbols' in version `bold'
(Font)                  OMS/cmsy/b/n --> OMS/lmsy/b/n on input line 28.
LaTeX Font Info:    Overwriting symbol font `largesymbols' in version `bold'
(Font)                  OMX/cmex/m/n --> OMX/lmex/m/n on input line 29.
LaTeX Font Info:    Overwriting math alphabet `\mathbf' in version `normal'
(Font)                  OT1/cmr/bx/n --> OT1/lmr/bx/n on input line 31.
LaTeX Font Info:    Overwriting math alphabet `\mathsf' in version `normal'
(Font)                  OT1/cmss/m/n --> OT1/lmss/m/n on input line 32.
LaTeX Font Info:    Overwriting math alphabet `\mathit' in version `normal'
(Font)                  OT1/cmr/m/it --> OT1/lmr/m/it on input line 33.
LaTeX Font Info:    Overwriting math alphabet `\mathtt' in version `normal'
(Font)                  OT1/cmtt/m/n --> OT1/lmtt/m/n on input line 34.
LaTeX Font Info:    Overwriting math alphabet `\mathbf' in version `bold'
(Font)                  OT1/cmr/bx/n --> OT1/lmr/bx/n on input line 35.
LaTeX Font Info:    Overwriting math alphabet `\mathsf' in version `bold'
(Font)                  OT1/cmss/bx/n --> OT1/lmss/bx/n on input line 36.
LaTeX Font Info:    Overwriting math alphabet `\mathit' in version `bold'
(Font)                  OT1/cmr/bx/it --> OT1/lmr/bx/it on input line 37.
LaTeX Font Info:    Overwriting math alphabet `\mathtt' in version `bold'
(Font)                  OT1/cmtt/m/n --> OT1/lmtt/m/n on input line 38.
) (C:\Users\ASUS\AppData\Local\Programs\MiKTeX\tex/latex/pgf-pie\pgf-pie.sty
Package: pgf-pie 2022/06/14 v0.7 Some LaTeX macros for pie chart by using PGF/Tikz package.
 (C:\Users\ASUS\AppData\Local\Programs\MiKTeX\tex/latex/pgf-pie\tikzlibrarypie.code.tex (C:\Users\ASUS\AppData\Local\Programs\MiKTeX\tex/latex/carlisle\scalefnt.sty)
\pgfpie@angleEnd=\dimen260
\pgfpie@explodeLength=\count309
\pgfpie@colorLength=\count310
\pgfpie@sliceLength=\count311
)) (C:\Users\ASUS\AppData\Local\Programs\MiKTeX\tex/latex/pgfplots\pgfplots.sty (C:\Users\ASUS\AppData\Local\Programs\MiKTeX\tex/generic/pgfplots\pgfplots.revision.tex)
Package: pgfplots 2021/05/15 v1.18.1 Data Visualization (1.18.1)
 (C:\Users\ASUS\AppData\Local\Programs\MiKTeX\tex/generic/pgfplots\pgfplots.code.tex (C:\Users\ASUS\AppData\Local\Programs\MiKTeX\tex/generic/pgfplots\pgfplotscore.code.tex
\t@pgfplots@toka=\toks37
\t@pgfplots@tokb=\toks38
\t@pgfplots@tokc=\toks39
\pgfplots@tmpa=\dimen261
\c@pgfplots@coordindex=\count312
\c@pgfplots@scanlineindex=\count313
 (C:\Users\ASUS\AppData\Local\Programs\MiKTeX\tex/generic/pgfplots/sys\pgfplotssysgeneric.code.tex)) (C:\Users\ASUS\AppData\Local\Programs\MiKTeX\tex/generic/pgfplots/libs\pgfplotslibrary.code.tex) (C:\Users\ASUS\AppData\Local\Programs\MiKTeX\tex/generic/pgfplots/oldpgfcompatib\pgfplotsoldpgfsupp_loader.code.tex (C:\Users\ASUS\AppData\Local\Programs\MiKTeX\tex/generic/pgf/libraries\pgflibraryfpu.code.tex)
Package pgfplots: loading complementary utilities for your pgf version...
\t@pgf@toka=\toks40
\t@pgf@tokb=\toks41
\t@pgf@tokc=\toks42
(C:\Users\ASUS\AppData\Local\Programs\MiKTeX\tex/generic/pgfplots/oldpgfcompatib\pgfplotsoldpgfsupp_pgfutil-common-lists.tex)) (C:\Users\ASUS\AppData\Local\Programs\MiKTeX\tex/generic/pgfplots/util\pgfplotsutil.code.tex (C:\Users\ASUS\AppData\Local\Programs\MiKTeX\tex/generic/pgfplots/liststructure\pgfplotsliststructure.code.tex) (C:\Users\ASUS\AppData\Local\Programs\MiKTeX\tex/generic/pgfplots/liststructure\pgfplotsliststructureext.code.tex) (C:\Users\ASUS\AppData\Local\Programs\MiKTeX\tex/generic/pgfplots/liststructure\pgfplotsarray.code.tex
\c@pgfplotsarray@tmp=\count314
) (C:\Users\ASUS\AppData\Local\Programs\MiKTeX\tex/generic/pgfplots/liststructure\pgfplotsmatrix.code.tex) (C:\Users\ASUS\AppData\Local\Programs\MiKTeX\tex/generic/pgfplots/numtable\pgfplotstableshared.code.tex
\c@pgfplotstable@counta=\count315
\t@pgfplotstable@a=\toks43
) (C:\Users\ASUS\AppData\Local\Programs\MiKTeX\tex/generic/pgfplots/liststructure\pgfplotsdeque.code.tex) (C:\Users\ASUS\AppData\Local\Programs\MiKTeX\tex/generic/pgfplots/util\pgfplotsbinary.code.tex (C:\Users\ASUS\AppData\Local\Programs\MiKTeX\tex/generic/pgfplots/util\pgfplotsbinary.data.code.tex)) (C:\Users\ASUS\AppData\Local\Programs\MiKTeX\tex/generic/pgfplots/util\pgfplotsutil.verb.code.tex) (C:\Users\ASUS\AppData\Local\Programs\MiKTeX\tex/generic/pgfplots/libs\pgflibrarypgfplots.surfshading.code.tex
\c@pgfplotslibrarysurf@no=\count316
 (C:\Users\ASUS\AppData\Local\Programs\MiKTeX\tex/generic/pgfplots/sys\pgflibrarypgfplots.surfshading.pgfsys-pdftex.def))) (C:\Users\ASUS\AppData\Local\Programs\MiKTeX\tex/generic/pgfplots/util\pgfplotscolormap.code.tex (C:\Users\ASUS\AppData\Local\Programs\MiKTeX\tex/generic/pgfplots/util\pgfplotscolor.code.tex)) (C:\Users\ASUS\AppData\Local\Programs\MiKTeX\tex/generic/pgfplots\pgfplotsstackedplots.code.tex) (C:\Users\ASUS\AppData\Local\Programs\MiKTeX\tex/generic/pgfplots\pgfplotsplothandlers.code.tex (C:\Users\ASUS\AppData\Local\Programs\MiKTeX\tex/generic/pgfplots\pgfplotsmeshplothandler.code.tex (C:\Users\ASUS\AppData\Local\Programs\MiKTeX\tex/generic/pgfplots\pgfplotsmeshplotimage.code.tex))) (C:\Users\ASUS\AppData\Local\Programs\MiKTeX\tex/generic/pgfplots\pgfplots.scaling.code.tex) (C:\Users\ASUS\AppData\Local\Programs\MiKTeX\tex/generic/pgfplots\pgfplotscoordprocessing.code.tex) (C:\Users\ASUS\AppData\Local\Programs\MiKTeX\tex/generic/pgfplots\pgfplots.errorbars.code.tex) (C:\Users\ASUS\AppData\Local\Programs\MiKTeX\tex/generic/pgfplots\pgfplots.markers.code.tex) (C:\Users\ASUS\AppData\Local\Programs\MiKTeX\tex/generic/pgfplots\pgfplotsticks.code.tex) (C:\Users\ASUS\AppData\Local\Programs\MiKTeX\tex/generic/pgfplots\pgfplots.paths.code.tex) (C:\Users\ASUS\AppData\Local\Programs\MiKTeX\tex/generic/pgf/frontendlayer/tikz/libraries\tikzlibrarydecorations.code.tex (C:\Users\ASUS\AppData\Local\Programs\MiKTeX\tex/generic/pgf/modules\pgfmoduledecorations.code.tex
\pgfdecoratedcompleteddistance=\dimen262
\pgfdecoratedremainingdistance=\dimen263
\pgfdecoratedinputsegmentcompleteddistance=\dimen264
\pgfdecoratedinputsegmentremainingdistance=\dimen265
\pgf@decorate@distancetomove=\dimen266
\pgf@decorate@repeatstate=\count317
\pgfdecorationsegmentamplitude=\dimen267
\pgfdecorationsegmentlength=\dimen268
)
\tikz@lib@dec@box=\box75
) (C:\Users\ASUS\AppData\Local\Programs\MiKTeX\tex/generic/pgf/frontendlayer/tikz/libraries\tikzlibrarydecorations.pathmorphing.code.tex (C:\Users\ASUS\AppData\Local\Programs\MiKTeX\tex/generic/pgf/libraries/decorations\pgflibrarydecorations.pathmorphing.code.tex)) (C:\Users\ASUS\AppData\Local\Programs\MiKTeX\tex/generic/pgf/frontendlayer/tikz/libraries\tikzlibrarydecorations.pathreplacing.code.tex (C:\Users\ASUS\AppData\Local\Programs\MiKTeX\tex/generic/pgf/libraries/decorations\pgflibrarydecorations.pathreplacing.code.tex)) (C:\Users\ASUS\AppData\Local\Programs\MiKTeX\tex/generic/pgfplots/libs\tikzlibrarypgfplots.contourlua.code.tex)
\pgfplots@numplots=\count318
\pgfplots@xmin@reg=\dimen269
\pgfplots@xmax@reg=\dimen270
\pgfplots@ymin@reg=\dimen271
\pgfplots@ymax@reg=\dimen272
\pgfplots@zmin@reg=\dimen273
\pgfplots@zmax@reg=\dimen274
) (C:\Users\ASUS\AppData\Local\Programs\MiKTeX\tex/generic/pgf/frontendlayer/tikz/libraries\tikzlibraryplotmarks.code.tex
File: tikzlibraryplotmarks.code.tex 2023-01-15 v3.1.10 (3.1.10)
 (C:\Users\ASUS\AppData\Local\Programs\MiKTeX\tex/generic/pgf/libraries\pgflibraryplotmarks.code.tex
File: pgflibraryplotmarks.code.tex 2023-01-15 v3.1.10 (3.1.10)
))) (C:\Users\ASUS\AppData\Local\Programs\MiKTeX\tex/latex/caption\subcaption.sty
Package: subcaption 2023/07/28 v1.6b Sub-captions (AR)
 (C:\Users\ASUS\AppData\Local\Programs\MiKTeX\tex/latex/caption\caption.sty
Package: caption 2023/08/05 v3.6o Customizing captions (AR)
 (C:\Users\ASUS\AppData\Local\Programs\MiKTeX\tex/latex/caption\caption3.sty
Package: caption3 2023/07/31 v2.4d caption3 kernel (AR)
\caption@tempdima=\dimen275
\captionmargin=\dimen276
\caption@leftmargin=\dimen277
\caption@rightmargin=\dimen278
\caption@width=\dimen279
\caption@indent=\dimen280
\caption@parindent=\dimen281
\caption@hangindent=\dimen282
Package caption Info: Standard document class detected.
)
\c@caption@flags=\count319
\c@continuedfloat=\count320
)
Package caption Info: New subtype `subfigure' on input line 238.
\c@subfigure=\count321
Package caption Info: New subtype `subtable' on input line 238.
\c@subtable=\count322
) (C:\Users\ASUS\AppData\Local\Programs\MiKTeX\tex/latex/multirow\multirow.sty
Package: multirow 2024/11/12 v2.9 Span multiple rows of a table
\multirow@colwidth=\skip54
\multirow@cntb=\count323
\multirow@dima=\skip55
\bigstrutjot=\dimen283
) (C:\Users\ASUS\AppData\Local\Programs\MiKTeX\tex/latex/booktabs\booktabs.sty
Package: booktabs 2020/01/12 v1.61803398 Publication quality tables
\heavyrulewidth=\dimen284
\lightrulewidth=\dimen285
\cmidrulewidth=\dimen286
\belowrulesep=\dimen287
\belowbottomsep=\dimen288
\aboverulesep=\dimen289
\abovetopsep=\dimen290
\cmidrulesep=\dimen291
\cmidrulekern=\dimen292
\defaultaddspace=\dimen293
\@cmidla=\count324
\@cmidlb=\count325
\@aboverulesep=\dimen294
\@belowrulesep=\dimen295
\@thisruleclass=\count326
\@lastruleclass=\count327
\@thisrulewidth=\dimen296
) (C:\Users\ASUS\AppData\Local\Programs\MiKTeX\tex/latex/siunitx\siunitx.sty
Package: siunitx 2025-07-09 v3.4.14 A comprehensive (SI) units package
\l__siunitx_number_uncert_offset_int=\count328
\l__siunitx_number_exponent_fixed_int=\count329
\l__siunitx_number_min_decimal_int=\count330
\l__siunitx_number_min_integer_int=\count331
\l__siunitx_number_round_precision_int=\count332
\l__siunitx_number_lower_threshold_int=\count333
\l__siunitx_number_upper_threshold_int=\count334
\l__siunitx_number_group_first_int=\count335
\l__siunitx_number_group_size_int=\count336
\l__siunitx_number_group_minimum_int=\count337
\l__siunitx_angle_tmp_dim=\dimen297
\l__siunitx_angle_marker_box=\box76
\l__siunitx_angle_unit_box=\box77
\l__siunitx_compound_count_int=\count338
 (C:\Users\ASUS\AppData\Local\Programs\MiKTeX\tex/latex/translations\translations.sty
Package: translations 2022/02/05 v1.12 internationalization of LaTeX2e packages (CN)
 (C:\Users\ASUS\AppData\Local\Programs\MiKTeX\tex/generic/pdftexcmds\pdftexcmds.sty
Package: pdftexcmds 2020-06-27 v0.33 Utility functions of pdfTeX for LuaTeX (HO)
 (C:\Users\ASUS\AppData\Local\Programs\MiKTeX\tex/generic/infwarerr\infwarerr.sty
Package: infwarerr 2019/12/03 v1.5 Providing info/warning/error messages (HO)
) (C:\Users\ASUS\AppData\Local\Programs\MiKTeX\tex/generic/iftex\iftex.sty
Package: iftex 2024/12/12 v1.0g TeX engine tests
) (C:\Users\ASUS\AppData\Local\Programs\MiKTeX\tex/generic/ltxcmds\ltxcmds.sty
Package: ltxcmds 2023-12-04 v1.26 LaTeX kernel commands for general use (HO)
)
Package pdftexcmds Info: \pdf@primitive is available.
Package pdftexcmds Info: \pdf@ifprimitive is available.
Package pdftexcmds Info: \pdfdraftmode found.
)) (C:\Users\ASUS\AppData\Local\Programs\MiKTeX\tex/latex/amsmath\amstext.sty
Package: amstext 2024/11/17 v2.01 AMS text
 (C:\Users\ASUS\AppData\Local\Programs\MiKTeX\tex/latex/amsmath\amsgen.sty
File: amsgen.sty 1999/11/30 v2.0 generic functions
\@emptytoks=\toks44
\ex@=\dimen298
))
\l__siunitx_table_tmp_box=\box78
\l__siunitx_table_tmp_dim=\dimen299
\l__siunitx_table_column_width_dim=\dimen300
\l__siunitx_table_integer_box=\box79
\l__siunitx_table_decimal_box=\box80
\l__siunitx_table_uncert_box=\box81
\l__siunitx_table_before_box=\box82
\l__siunitx_table_after_box=\box83
\l__siunitx_table_before_dim=\dimen301
\l__siunitx_table_carry_dim=\dimen302
\l__siunitx_unit_tmp_int=\count339
\l__siunitx_unit_position_int=\count340
\l__siunitx_unit_total_int=\count341
) (C:\Users\ASUS\AppData\Local\Programs\MiKTeX\tex/latex/float\float.sty
Package: float 2001/11/08 v1.3d Float enhancements (AL)
\c@float@type=\count342
\float@exts=\toks45
\float@box=\box84
\@float@everytoks=\toks46
\@floatcapt=\box85
) (C:\Users\ASUS\AppData\Local\Programs\MiKTeX\tex/latex/geometry\geometry.sty
Package: geometry 2020/01/02 v5.9 Page Geometry
 (C:\Users\ASUS\AppData\Local\Programs\MiKTeX\tex/generic/iftex\ifvtex.sty
Package: ifvtex 2019/10/25 v1.7 ifvtex legacy package. Use iftex instead.
)
\Gm@cnth=\count343
\Gm@cntv=\count344
\c@Gm@tempcnt=\count345
\Gm@bindingoffset=\dimen303
\Gm@wd@mp=\dimen304
\Gm@odd@mp=\dimen305
\Gm@even@mp=\dimen306
\Gm@layoutwidth=\dimen307
\Gm@layoutheight=\dimen308
\Gm@layouthoffset=\dimen309
\Gm@layoutvoffset=\dimen310
\Gm@dimlist=\toks47
 (C:\Users\ASUS\AppData\Local\Programs\MiKTeX\tex/latex/geometry\geometry.cfg)) (C:\Users\ASUS\AppData\Local\Programs\MiKTeX\tex/latex/parskip\parskip.sty
Package: parskip 2021-03-14 v2.0h non-zero parskip adjustments
 (C:\Users\ASUS\AppData\Local\Programs\MiKTeX\tex/latex/kvoptions\kvoptions.sty
Package: kvoptions 2022-06-15 v3.15 Key value format for package options (HO)
 (C:\Users\ASUS\AppData\Local\Programs\MiKTeX\tex/latex/kvsetkeys\kvsetkeys.sty
Package: kvsetkeys 2022-10-05 v1.19 Key value parser (HO)
))) (C:\Users\ASUS\AppData\Local\Programs\MiKTeX\tex/latex/setspace\setspace.sty
Package: setspace 2022/12/04 v6.7b set line spacing
) (C:\Users\ASUS\AppData\Local\Programs\MiKTeX\tex/latex/amsmath\amsmath.sty
Package: amsmath 2025/06/16 v2.17y AMS math features
\@mathmargin=\skip56

For additional information on amsmath, use the `?' option.
(C:\Users\ASUS\AppData\Local\Programs\MiKTeX\tex/latex/amsmath\amsbsy.sty
Package: amsbsy 1999/11/29 v1.2d Bold Symbols
\pmbraise@=\dimen311
) (C:\Users\ASUS\AppData\Local\Programs\MiKTeX\tex/latex/amsmath\amsopn.sty
Package: amsopn 2022/04/08 v2.04 operator names
)
\inf@bad=\count346
LaTeX Info: Redefining \frac on input line 233.
\uproot@=\count347
\leftroot@=\count348
LaTeX Info: Redefining \overline on input line 398.
LaTeX Info: Redefining \colon on input line 409.
\classnum@=\count349
\DOTSCASE@=\count350
LaTeX Info: Redefining \ldots on input line 495.
LaTeX Info: Redefining \dots on input line 498.
LaTeX Info: Redefining \cdots on input line 619.
\Mathstrutbox@=\box86
\strutbox@=\box87
LaTeX Info: Redefining \big on input line 721.
LaTeX Info: Redefining \Big on input line 722.
LaTeX Info: Redefining \bigg on input line 723.
LaTeX Info: Redefining \Bigg on input line 724.
\big@size=\dimen312
LaTeX Font Info:    Redeclaring font encoding OML on input line 742.
LaTeX Font Info:    Redeclaring font encoding OMS on input line 743.
\macc@depth=\count351
LaTeX Info: Redefining \bmod on input line 904.
LaTeX Info: Redefining \pmod on input line 909.
LaTeX Info: Redefining \smash on input line 939.
LaTeX Info: Redefining \relbar on input line 969.
LaTeX Info: Redefining \Relbar on input line 970.
\c@MaxMatrixCols=\count352
\dotsspace@=\muskip17
\c@parentequation=\count353
\dspbrk@lvl=\count354
\tag@help=\toks48
\row@=\count355
\column@=\count356
\maxfields@=\count357
\andhelp@=\toks49
\eqnshift@=\dimen313
\alignsep@=\dimen314
\tagshift@=\dimen315
\tagwidth@=\dimen316
\totwidth@=\dimen317
\lineht@=\dimen318
\@envbody=\toks50
\multlinegap=\skip57
\multlinetaggap=\skip58
\mathdisplay@stack=\toks51
LaTeX Info: Redefining \[ on input line 2949.
LaTeX Info: Redefining \] on input line 2950.
) (C:\Users\ASUS\AppData\Local\Programs\MiKTeX\tex/latex/amsfonts\amsfonts.sty
Package: amsfonts 2013/01/14 v3.01 Basic AMSFonts support
\symAMSa=\mathgroup4
\symAMSb=\mathgroup5
LaTeX Font Info:    Redeclaring math symbol \hbar on input line 98.
LaTeX Font Info:    Overwriting math alphabet `\mathfrak' in version `bold'
(Font)                  U/euf/m/n --> U/euf/b/n on input line 106.
) (C:\Users\ASUS\AppData\Local\Programs\MiKTeX\tex/latex/amsfonts\amssymb.sty
Package: amssymb 2013/01/14 v3.01 AMS font symbols
) (C:\Users\ASUS\AppData\Local\Programs\MiKTeX\tex/latex/tools\longtable.sty
Package: longtable 2024-12-18 v4.23 Multi-page Table package (DPC)
\LTleft=\skip59
\LTright=\skip60
\LTpre=\skip61
\LTpost=\skip62
\LTchunksize=\count358
\LTcapwidth=\dimen319
\LT@head=\box88
\LT@firsthead=\box89
\LT@foot=\box90
\LT@lastfoot=\box91
\LT@gbox=\box92
\LT@cols=\count359
\LT@rows=\count360
\c@LT@tables=\count361
\c@LT@chunks=\count362
\LT@p@ftn=\toks52
) (C:\Users\ASUS\AppData\Local\Programs\MiKTeX\tex/generic/pgf/frontendlayer/tikz/libraries\tikzlibraryshapes.geometric.code.tex
File: tikzlibraryshapes.geometric.code.tex 2023-01-15 v3.1.10 (3.1.10)
 (C:\Users\ASUS\AppData\Local\Programs\MiKTeX\tex/generic/pgf/libraries/shapes\pgflibraryshapes.geometric.code.tex
File: pgflibraryshapes.geometric.code.tex 2023-01-15 v3.1.10 (3.1.10)
)) (C:\Users\ASUS\AppData\Local\Programs\MiKTeX\tex/generic/pgf/libraries\pgflibraryarrows.meta.code.tex
File: pgflibraryarrows.meta.code.tex 2023-01-15 v3.1.10 (3.1.10)
\pgfarrowinset=\dimen320
\pgfarrowlength=\dimen321
\pgfarrowwidth=\dimen322
\pgfarrowlinewidth=\dimen323
) (C:\Users\ASUS\AppData\Local\Programs\MiKTeX\tex/generic/pgf/frontendlayer/tikz/libraries\tikzlibrarypositioning.code.tex
File: tikzlibrarypositioning.code.tex 2023-01-15 v3.1.10 (3.1.10)
) (C:\Users\ASUS\AppData\Local\Programs\MiKTeX\tex/generic/pgf/frontendlayer/tikz/libraries\tikzlibraryfit.code.tex
File: tikzlibraryfit.code.tex 2023-01-15 v3.1.10 (3.1.10)
) (C:\Users\ASUS\AppData\Local\Programs\MiKTeX\tex/generic/pgf/frontendlayer/tikz/libraries\tikzlibrarybackgrounds.code.tex
File: tikzlibrarybackgrounds.code.tex 2023-01-15 v3.1.10 (3.1.10)
\pgf@layerbox@background=\box93
\pgf@layerboxsaved@background=\box94
) (C:\Users\ASUS\AppData\Local\Programs\MiKTeX\tex/generic/pgf/frontendlayer/tikz/libraries\tikzlibraryshapes.multipart.code.tex
File: tikzlibraryshapes.multipart.code.tex 2023-01-15 v3.1.10 (3.1.10)
 (C:\Users\ASUS\AppData\Local\Programs\MiKTeX\tex/generic/pgf/libraries/shapes\pgflibraryshapes.multipart.code.tex
File: pgflibraryshapes.multipart.code.tex 2023-01-15 v3.1.10 (3.1.10)
\pgfnodepartlowerbox=\box95
\pgfnodeparttwobox=\box96
\pgfnodepartthreebox=\box97
\pgfnodepartfourbox=\box98
\pgfnodeparttwentybox=\box99
\pgfnodepartnineteenbox=\box100
\pgfnodeparteighteenbox=\box101
\pgfnodepartseventeenbox=\box102
\pgfnodepartsixteenbox=\box103
\pgfnodepartfifteenbox=\box104
\pgfnodepartfourteenbox=\box105
\pgfnodepartthirteenbox=\box106
\pgfnodeparttwelvebox=\box107
\pgfnodepartelevenbox=\box108
\pgfnodeparttenbox=\box109
\pgfnodepartninebox=\box110
\pgfnodeparteightbox=\box111
\pgfnodepartsevenbox=\box112
\pgfnodepartsixbox=\box113
\pgfnodepartfivebox=\box114
)) (C:\Users\ASUS\AppData\Local\Programs\MiKTeX\tex/latex/titlesec\titlesec.sty
Package: titlesec 2025/01/04 v2.17 Sectioning titles
\ttl@box=\box115
\beforetitleunit=\skip63
\aftertitleunit=\skip64
\ttl@plus=\dimen324
\ttl@minus=\dimen325
\ttl@toksa=\toks53
\titlewidth=\dimen326
\titlewidthlast=\dimen327
\titlewidthfirst=\dimen328
) (C:\Users\ASUS\AppData\Local\Programs\MiKTeX\tex/latex/tocloft\tocloft.sty
Package: tocloft 2017/08/31 v2.3i parameterised ToC, etc., typesetting
Package tocloft Info: The document has section divisions on input line 51.
\cftparskip=\skip65
\cftbeforetoctitleskip=\skip66
\cftaftertoctitleskip=\skip67
\cftbeforepartskip=\skip68
\cftpartnumwidth=\skip69
\cftpartindent=\skip70
\cftbeforesecskip=\skip71
\cftsecindent=\skip72
\cftsecnumwidth=\skip73
\cftbeforesubsecskip=\skip74
\cftsubsecindent=\skip75
\cftsubsecnumwidth=\skip76
\cftbeforesubsubsecskip=\skip77
\cftsubsubsecindent=\skip78
\cftsubsubsecnumwidth=\skip79
\cftbeforeparaskip=\skip80
\cftparaindent=\skip81
\cftparanumwidth=\skip82
\cftbeforesubparaskip=\skip83
\cftsubparaindent=\skip84
\cftsubparanumwidth=\skip85
\cftbeforeloftitleskip=\skip86
\cftafterloftitleskip=\skip87
\cftbeforefigskip=\skip88
\cftfigindent=\skip89
\cftfignumwidth=\skip90
\c@lofdepth=\count363
\c@lotdepth=\count364
\cftbeforelottitleskip=\skip91
\cftafterlottitleskip=\skip92
\cftbeforetabskip=\skip93
\cfttabindent=\skip94
\cfttabnumwidth=\skip95


Package tocloft Warning: \@starttoc has already been redefined; tocloft bailing out. on input line 1156.

) (C:\Users\ASUS\AppData\Local\Programs\MiKTeX\tex/latex/enumitem\enumitem.sty
Package: enumitem 2025/02/06 v3.11 Customized lists
\labelindent=\skip96
\enit@outerparindent=\dimen329
\enit@toks=\toks54
\enit@inbox=\box116
\enit@count@id=\count365
\enitdp@description=\count366
) (C:\Users\ASUS\AppData\Local\Programs\MiKTeX\tex/latex/fancyhdr\fancyhdr.sty
Package: fancyhdr 2025/02/07 v5.2 Extensive control of page headers and footers
\f@nch@headwidth=\skip97
\f@nch@offset@elh=\skip98
\f@nch@offset@erh=\skip99
\f@nch@offset@olh=\skip100
\f@nch@offset@orh=\skip101
\f@nch@offset@elf=\skip102
\f@nch@offset@erf=\skip103
\f@nch@offset@olf=\skip104
\f@nch@offset@orf=\skip105
\f@nch@height=\skip106
\f@nch@footalignment=\skip107
\f@nch@widthL=\skip108
\f@nch@widthC=\skip109
\f@nch@widthR=\skip110
\@temptokenb=\toks55
) (C:\Users\ASUS\AppData\Local\Programs\MiKTeX\tex/latex/hyperref\hyperref.sty
Package: hyperref 2025-07-12 v7.01o Hypertext links for LaTeX
 (C:\Users\ASUS\AppData\Local\Programs\MiKTeX\tex/generic/kvdefinekeys\kvdefinekeys.sty
Package: kvdefinekeys 2019-12-19 v1.6 Define keys (HO)
) (C:\Users\ASUS\AppData\Local\Programs\MiKTeX\tex/generic/pdfescape\pdfescape.sty
Package: pdfescape 2019/12/09 v1.15 Implements pdfTeX's escape features (HO)
) (C:\Users\ASUS\AppData\Local\Programs\MiKTeX\tex/latex/hycolor\hycolor.sty
Package: hycolor 2020-01-27 v1.10 Color options for hyperref/bookmark (HO)
) (C:\Users\ASUS\AppData\Local\Programs\MiKTeX\tex/latex/hyperref\nameref.sty
Package: nameref 2025-06-21 v2.57 Cross-referencing by name of section
 (C:\Users\ASUS\AppData\Local\Programs\MiKTeX\tex/latex/refcount\refcount.sty
Package: refcount 2019/12/15 v3.6 Data extraction from label references (HO)
) (C:\Users\ASUS\AppData\Local\Programs\MiKTeX\tex/generic/gettitlestring\gettitlestring.sty
Package: gettitlestring 2019/12/15 v1.6 Cleanup title references (HO)
)
\c@section@level=\count367
) (C:\Users\ASUS\AppData\Local\Programs\MiKTeX\tex/generic/stringenc\stringenc.sty
Package: stringenc 2019/11/29 v1.12 Convert strings between diff. encodings (HO)
)
\@linkdim=\dimen330
\Hy@linkcounter=\count368
\Hy@pagecounter=\count369
 (C:\Users\ASUS\AppData\Local\Programs\MiKTeX\tex/latex/hyperref\pd1enc.def
File: pd1enc.def 2025-07-12 v7.01o Hyperref: PDFDocEncoding definition (HO)
Now handling font encoding PD1 ...
... no UTF-8 mapping file for font encoding PD1
) (C:\Users\ASUS\AppData\Local\Programs\MiKTeX\tex/generic/intcalc\intcalc.sty
Package: intcalc 2019/12/15 v1.3 Expandable calculations with integers (HO)
)
\Hy@SavedSpaceFactor=\count370
 (C:\Users\ASUS\AppData\Local\Programs\MiKTeX\tex/latex/hyperref\puenc.def
File: puenc.def 2025-07-12 v7.01o Hyperref: PDF Unicode definition (HO)
Now handling font encoding PU ...
... no UTF-8 mapping file for font encoding PU
)
Package hyperref Info: Hyper figures OFF on input line 4195.
Package hyperref Info: Link nesting OFF on input line 4200.
Package hyperref Info: Hyper index ON on input line 4203.
Package hyperref Info: Plain pages OFF on input line 4210.
Package hyperref Info: Backreferencing OFF on input line 4215.
Package hyperref Info: Implicit mode ON; LaTeX internals redefined.
Package hyperref Info: Bookmarks ON on input line 4462.
\c@Hy@tempcnt=\count371
 (C:\Users\ASUS\AppData\Local\Programs\MiKTeX\tex/latex/url\url.sty
\Urlmuskip=\muskip18
Package: url 2013/09/16  ver 3.4  Verb mode for urls, etc.
)
LaTeX Info: Redefining \url on input line 4801.
\XeTeXLinkMargin=\dimen331
 (C:\Users\ASUS\AppData\Local\Programs\MiKTeX\tex/generic/bitset\bitset.sty
Package: bitset 2019/12/09 v1.3 Handle bit-vector datatype (HO)
 (C:\Users\ASUS\AppData\Local\Programs\MiKTeX\tex/generic/bigintcalc\bigintcalc.sty
Package: bigintcalc 2019/12/15 v1.5 Expandable calculations on big integers (HO)
))
\Fld@menulength=\count372
\Field@Width=\dimen332
\Fld@charsize=\dimen333
Package hyperref Info: Hyper figures OFF on input line 6078.
Package hyperref Info: Link nesting OFF on input line 6083.
Package hyperref Info: Hyper index ON on input line 6086.
Package hyperref Info: backreferencing OFF on input line 6093.
Package hyperref Info: Link coloring OFF on input line 6098.
Package hyperref Info: Link coloring with OCG OFF on input line 6103.
Package hyperref Info: PDF/A mode OFF on input line 6108.
\Hy@abspage=\count373
\c@Item=\count374
\c@Hfootnote=\count375
)
Package hyperref Info: Driver (autodetected): hpdftex.
 (C:\Users\ASUS\AppData\Local\Programs\MiKTeX\tex/latex/hyperref\hpdftex.def
File: hpdftex.def 2025-07-12 v7.01o Hyperref driver for pdfTeX
\Fld@listcount=\count376
\c@bookmark@seq@number=\count377
 (C:\Users\ASUS\AppData\Local\Programs\MiKTeX\tex/latex/rerunfilecheck\rerunfilecheck.sty
Package: rerunfilecheck 2025-06-21 v1.11 Rerun checks for auxiliary files (HO)
 (C:\Users\ASUS\AppData\Local\Programs\MiKTeX\tex/generic/uniquecounter\uniquecounter.sty
Package: uniquecounter 2019/12/15 v1.4 Provide unlimited unique counter (HO)
)
Package uniquecounter Info: New unique counter `rerunfilecheck' on input line 284.
)
\Hy@SectionHShift=\skip111
) (C:\Users\ASUS\AppData\Local\Programs\MiKTeX\tex/latex/natbib\natbib.sty
Package: natbib 2010/09/13 8.31b (PWD, AO)
\bibhang=\skip112
\bibsep=\skip113
LaTeX Info: Redefining \cite on input line 694.
\c@NAT@ctr=\count378
)
Package hyperref Info: Option `colorlinks' set `true' on input line 142.
Package translations Info: No language package found. I am going to use `english' as default language. on input line 241.
LaTeX Font Info:    Trying to load font information for T1+lmss on input line 241.
 (C:\Users\ASUS\AppData\Local\Programs\MiKTeX\tex/latex/lm\t1lmss.fd
File: t1lmss.fd 2015/05/01 v1.6.1 Font defs for Latin Modern
) (C:\Users\ASUS\AppData\Local\Programs\MiKTeX\tex/latex/l3backend\l3backend-pdftex.def
File: l3backend-pdftex.def 2025-06-09 L3 backend support: PDF output (pdfTeX)
\l__color_backend_stack_int=\count379
) (report.aux)
\openout1 = `report.aux'.

LaTeX Font Info:    Checking defaults for OML/cmm/m/it on input line 241.
LaTeX Font Info:    ... okay on input line 241.
LaTeX Font Info:    Checking defaults for OMS/cmsy/m/n on input line 241.
LaTeX Font Info:    ... okay on input line 241.
LaTeX Font Info:    Checking defaults for OT1/cmr/m/n on input line 241.
LaTeX Font Info:    ... okay on input line 241.
LaTeX Font Info:    Checking defaults for T1/cmr/m/n on input line 241.
LaTeX Font Info:    ... okay on input line 241.
LaTeX Font Info:    Checking defaults for TS1/cmr/m/n on input line 241.
LaTeX Font Info:    ... okay on input line 241.
LaTeX Font Info:    Checking defaults for OMX/cmex/m/n on input line 241.
LaTeX Font Info:    ... okay on input line 241.
LaTeX Font Info:    Checking defaults for U/cmr/m/n on input line 241.
LaTeX Font Info:    ... okay on input line 241.
LaTeX Font Info:    Checking defaults for PD1/pdf/m/n on input line 241.
LaTeX Font Info:    ... okay on input line 241.
LaTeX Font Info:    Checking defaults for PU/pdf/m/n on input line 241.
LaTeX Font Info:    ... okay on input line 241.
 (C:\Users\ASUS\AppData\Local\Programs\MiKTeX\tex/context/base/mkii\supp-pdf.mkii
[Loading MPS to PDF converter (version 2006.09.02).]
\scratchcounter=\count380
\scratchdimen=\dimen334
\scratchbox=\box117
\nofMPsegments=\count381
\nofMParguments=\count382
\everyMPshowfont=\toks56
\MPscratchCnt=\count383
\MPscratchDim=\dimen335
\MPnumerator=\count384
\makeMPintoPDFobject=\count385
\everyMPtoPDFconversion=\toks57
) (C:\Users\ASUS\AppData\Local\Programs\MiKTeX\tex/latex/epstopdf-pkg\epstopdf-base.sty
Package: epstopdf-base 2020-01-24 v2.11 Base part for package epstopdf
Package epstopdf-base Info: Redefining graphics rule for `.eps' on input line 485.
 (C:\Users\ASUS\AppData\Local\Programs\MiKTeX\tex/latex/00miktex\epstopdf-sys.cfg
File: epstopdf-sys.cfg 2021/03/18 v2.0 Configuration of epstopdf for MiKTeX
))
Package pgfplots notification 'compat/show suggested version=true': document has been generated with the most recent feature set (\pgfplotsset{compat=1.18}).

Package caption Info: Begin \AtBeginDocument code.
Package caption Info: float package is loaded.
Package caption Info: hyperref package is loaded.
Package caption Info: longtable package is loaded.
(C:\Users\ASUS\AppData\Local\Programs\MiKTeX\tex/latex/caption\ltcaption.sty
Package: ltcaption 2021/01/08 v1.4c longtable captions (AR)
)
Package caption Info: End \AtBeginDocument code.
 (C:\Users\ASUS\AppData\Local\Programs\MiKTeX\tex/latex/translations/dicts\translations-basic-dictionary-english.trsl
File: translations-basic-dictionary-english.trsl (english translation file `translations-basic-dictionary')
)
Package translations Info: loading dictionary `translations-basic-dictionary' for `english'. on input line 241.

*geometry* driver: auto-detecting
*geometry* detected driver: pdftex
*geometry* verbose mode - [ preamble ] result:
* driver: pdftex
* paper: a4paper
* layout: <same size as paper>
* layoutoffset:(h,v)=(0.0pt,0.0pt)
* modes: 
* h-part:(L,W,R)=(54.2025pt, 489.10287pt, 54.2025pt)
* v-part:(T,H,B)=(72.26999pt, 700.50687pt, 72.26999pt)
* \paperwidth=597.50787pt
* \paperheight=845.04684pt
* \textwidth=489.10287pt
* \textheight=700.50687pt
* \oddsidemargin=-18.06749pt
* \evensidemargin=-18.06749pt
* \topmargin=-39.5pt
* \headheight=14.5pt
* \headsep=25.0pt
* \topskip=12.0pt
* \footskip=30.0pt
* \marginparwidth=35.0pt
* \marginparsep=10.0pt
* \columnsep=10.0pt
* \skip\footins=10.8pt plus 4.0pt minus 2.0pt
* \hoffset=0.0pt
* \voffset=0.0pt
* \mag=1000
* \@twocolumnfalse
* \@twosidefalse
* \@mparswitchfalse
* \@reversemarginfalse
* (1in=72.27pt=25.4mm, 1cm=28.453pt)

Package hyperref Info: Link coloring ON on input line 241.
(report.out) (report.out)
\@outlinefile=\write4
\openout4 = `report.out'.

<RUET_logo.png, id=378, 271.0125pt x 313.17pt>
File: RUET_logo.png Graphic file (type png)
<use RUET_logo.png>
Package pdftex.def Info: RUET_logo.png  used on input line 244.
(pdftex.def)             Requested size: 76.82234pt x 88.77173pt.


[1

{C:/Users/ASUS/AppData/Local/MiKTeX/fonts/map/pdftex/pdftex.map}{C:/Users/ASUS/AppData/Local/Programs/MiKTeX/fonts/enc/dvips/lm/lm-ec.enc} <./RUET_logo.png>]
<Chaldal_logo.png, id=388, 388.45125pt x 130.4875pt>
File: Chaldal_logo.png Graphic file (type png)
<use Chaldal_logo.png>
Package pdftex.def Info: Chaldal_logo.png  used on input line 264.
(pdftex.def)             Requested size: 91.04872pt x 30.58492pt.



pdfTeX warning (ext4): destination with the same identifier (name{page.1}) has been already used, duplicate ignored
<to be read again> 
                   \relax 
l.281 \end{titlepage}
                      [1 <./Chaldal_logo.png>] (report.toc
LaTeX Font Info:    Trying to load font information for OT1+lmr on input line 1.
 (C:\Users\ASUS\AppData\Local\Programs\MiKTeX\tex/latex/lm\ot1lmr.fd
File: ot1lmr.fd 2015/05/01 v1.6.1 Font defs for Latin Modern
)
LaTeX Font Info:    Trying to load font information for OML+lmm on input line 1.
 (C:\Users\ASUS\AppData\Local\Programs\MiKTeX\tex/latex/lm\omllmm.fd
File: omllmm.fd 2015/05/01 v1.6.1 Font defs for Latin Modern
)
LaTeX Font Info:    Trying to load font information for OMS+lmsy on input line 1.
 (C:\Users\ASUS\AppData\Local\Programs\MiKTeX\tex/latex/lm\omslmsy.fd
File: omslmsy.fd 2015/05/01 v1.6.1 Font defs for Latin Modern
)
LaTeX Font Info:    Trying to load font information for OMX+lmex on input line 1.
 (C:\Users\ASUS\AppData\Local\Programs\MiKTeX\tex/latex/lm\omxlmex.fd
File: omxlmex.fd 2015/05/01 v1.6.1 Font defs for Latin Modern
)
LaTeX Font Info:    External font `lmex10' loaded for size
(Font)              <12> on input line 1.
LaTeX Font Info:    External font `lmex10' loaded for size
(Font)              <8> on input line 1.
LaTeX Font Info:    External font `lmex10' loaded for size
(Font)              <6> on input line 1.
LaTeX Font Info:    Trying to load font information for U+msa on input line 1.
 (C:\Users\ASUS\AppData\Local\Programs\MiKTeX\tex/latex/amsfonts\umsa.fd
File: umsa.fd 2013/01/14 v3.01 AMS symbols A
)
LaTeX Font Info:    Trying to load font information for U+msb on input line 1.
 (C:\Users\ASUS\AppData\Local\Programs\MiKTeX\tex/latex/amsfonts\umsb.fd
File: umsb.fd 2013/01/14 v3.01 AMS symbols B
)

[1]

LaTeX Font Info:    Font shape `T1/lmss/m/it' in size <12> not available
(Font)              Font shape `T1/lmss/m/sl' tried instead on input line 121.
[2])
\tf@toc=\write5
\openout5 = `report.toc'.



[3] (report.lof)
\tf@lof=\write6
\openout6 = `report.lof'.



[4] (report.lot)
\tf@lot=\write7
\openout7 = `report.lot'.



[5]
<Leadership Structure.png, id=643, 1481.535pt x 3095.565pt>
File: Leadership Structure.png Graphic file (type png)
<use Leadership Structure.png>
Package pdftex.def Info: Leadership Structure.png  used on input line 320.
(pdftex.def)             Requested size: 342.37051pt x 715.31863pt.



pdfTeX warning (ext4): destination with the same identifier (name{page.1}) has been already used, duplicate ignored
<to be read again> 
                   \relax 
l.324 T
       he Business-to-Consumer (B2C) model is an organizational set up where... [1]
Overfull \vbox (14.81177pt too high) has occurred while \output is active []



[2 <./Leadership Structure.png>]
<b2b.png, id=653, 657.95813pt x 313.9228pt>
File: b2b.png Graphic file (type png)
<use b2b.png>
Package pdftex.def Info: b2b.png  used on input line 329.
(pdftex.def)             Requested size: 489.10287pt x 233.36263pt.


[3 <./b2b.png>]
<user.png, id=659, 648.17157pt x 436.63126pt>
File: user.png Graphic file (type png)
<use user.png>
Package pdftex.def Info: user.png  used on input line 342.
(pdftex.def)             Requested size: 391.28378pt x 263.58643pt.
<delivery Growth.png, id=660, 870.25125pt x 490.83376pt>
File: delivery Growth.png Graphic file (type png)
<use delivery Growth.png>
Package pdftex.def Info: delivery Growth.png  used on input line 357.
(pdftex.def)             Requested size: 440.18959pt x 248.27727pt.


[4 <./user.png>]

[5 <./delivery Growth.png>]
<salary.png, id=674, 870.25125pt x 490.83376pt>
File: salary.png Graphic file (type png)
<use salary.png>
Package pdftex.def Info: salary.png  used on input line 390.
(pdftex.def)             Requested size: 440.18959pt x 248.27727pt.


[6 <./salary.png>]
<device.png, id=685, 650.43pt x 448.67625pt>
File: device.png Graphic file (type png)
<use device.png>
Package pdftex.def Info: device.png  used on input line 406.
(pdftex.def)             Requested size: 440.18959pt x 303.6581pt.


[7 <./device.png>]

[8]

[9

]
<Chaldal's Funding and Operational Scale graph.png, id=703, 1156.32pt x 1031.855pt>
File: Chaldal's Funding and Operational Scale graph.png Graphic file (type png)
<use Chaldal's Funding and Operational Scale graph.png>
Package pdftex.def Info: Chaldal's Funding and Operational Scale graph.png  used on input line 453.
(pdftex.def)             Requested size: 342.37051pt x 305.51247pt.


[10 <./Chaldal's Funding and Operational Scale graph.png>]
Overfull \hbox (6.4402pt too wide) in paragraph at lines 497--498
[]\T1/lmss/m/n/12 Allocate a lim-ited but con-sis-tent bud-get for brand aware-ness cam-paigns out-side Dhaka^^Vtargeting
 []



[11]

[12]

[13]
LaTeX Font Info:    Trying to load font information for TS1+lmss on input line 658.
 (C:\Users\ASUS\AppData\Local\Programs\MiKTeX\tex/latex/lm\ts1lmss.fd
File: ts1lmss.fd 2015/05/01 v1.6.1 Font defs for Latin Modern
)

[14{C:/Users/ASUS/AppData/Local/Programs/MiKTeX/fonts/enc/dvips/lm/lm-ts1.enc}]
<cash on delivery.png, id=758, 870.25125pt x 490.83376pt>
File: cash on delivery.png Graphic file (type png)
<use cash on delivery.png>
Package pdftex.def Info: cash on delivery.png  used on input line 676.
(pdftex.def)             Requested size: 342.37051pt x 193.10204pt.


[15 <./cash on delivery.png>]

[16]
Underfull \hbox (badness 10000) in paragraph at lines 772--777

 []



[17]

[18]

[19]

[20]

[21

]
LaTeX Font Info:    Font shape `T1/lmss/m/it' in size <10> not available
(Font)              Font shape `T1/lmss/m/sl' tried instead on input line 930.


[22]
Underfull \hbox (badness 10000) in paragraph at lines 940--941

 []

LaTeX Font Info:    Trying to load font information for T1+lmtt on input line 947.
(C:\Users\ASUS\AppData\Local\Programs\MiKTeX\tex/latex/lm\t1lmtt.fd
File: t1lmtt.fd 2015/05/01 v1.6.1 Font defs for Latin Modern
)

[23]

[24]
<vendor_reg1.png, id=845, 435.12563pt x 792.71156pt>
File: vendor_reg1.png Graphic file (type png)
<use vendor_reg1.png>
Package pdftex.def Info: vendor_reg1.png  used on input line 997.
(pdftex.def)             Requested size: 234.76729pt x 427.70709pt.
<vendor_reg2.png, id=846, 416.30531pt x 786.68906pt>
File: vendor_reg2.png Graphic file (type png)
<use vendor_reg2.png>
Package pdftex.def Info: vendor_reg2.png  used on input line 1004.
(pdftex.def)             Requested size: 234.76729pt x 443.63988pt.


[25]
<order_details.png, id=851, 1443.14156pt x 791.95876pt>
File: order_details.png Graphic file (type png)
<use order_details.png>
Package pdftex.def Info: order_details.png  used on input line 1034.
(pdftex.def)             Requested size: 391.28378pt x 214.72595pt.


[26 <./vendor_reg1.png> <./vendor_reg2.png>]
<order_sum.png, id=858, 921.4425pt x 719.68875pt>
File: order_sum.png Graphic file (type png)
<use order_sum.png>
Package pdftex.def Info: order_sum.png  used on input line 1040.
(pdftex.def)             Requested size: 391.28378pt x 305.6056pt.
<complaint.png, id=859, 1441.63594pt x 791.20593pt>
File: complaint.png Graphic file (type png)
<use complaint.png>
Package pdftex.def Info: complaint.png  used on input line 1049.
(pdftex.def)             Requested size: 489.10287pt x 268.42696pt.


[27 <./order_details.png> <./order_sum.png>]

[28 <./complaint.png>]
<lackof profit.png, id=871, 1447.4075pt x 1253.68375pt>
File: lackof profit.png Graphic file (type png)
<use lackof profit.png>
Package pdftex.def Info: lackof profit.png  used on input line 1078.
(pdftex.def)             Requested size: 342.37051pt x 296.54782pt.


[29 <./lackof profit.png>]
<ineffective_CR.png, id=880, 915.42pt x 921.4425pt>
File: ineffective_CR.png Graphic file (type png)
<use ineffective_CR.png>
Package pdftex.def Info: ineffective_CR.png  used on input line 1101.
(pdftex.def)             Requested size: 293.4647pt x 295.38785pt.


[30 <./ineffective_CR.png>]
<HR_incon.png, id=890, 794.97pt x 696.6025pt>
File: HR_incon.png Graphic file (type png)
<use HR_incon.png>
Package pdftex.def Info: HR_incon.png  used on input line 1116.
(pdftex.def)             Requested size: 342.37051pt x 300.01155pt.


Package natbib Warning: Citation `MobileCommerce2024' on page 31 undefined on input line 1125.

<underoptimized.png, id=891, 1406.25375pt x 875.27pt>
File: underoptimized.png Graphic file (type png)
<use underoptimized.png>
Package pdftex.def Info: underoptimized.png  used on input line 1131.
(pdftex.def)             Requested size: 293.4647pt x 182.65019pt.


[31 <./HR_incon.png>]

[32 <./underoptimized.png>]

[33]

[34]

[35]

[36]

[37]

[38]

[39]

[40]

[41]

[42]

[43]

[44]

[45]

[46]
Overfull \hbox (35.70055pt too wide) in paragraph at lines 1581--1582
 [][] 
 []


Overfull \hbox (14.99995pt too wide) in paragraph at lines 1591--1592
 [][] 
 []


Overfull \hbox (38.50084pt too wide) in paragraph at lines 1601--1602
 [][] 
 []

Package pgfplots info on input line 1627: Using 'lua backend=false' for axis: x coord trafo unsupported.
LaTeX Font Info:    External font `lmex10' loaded for size
(Font)              <10.95> on input line 1632.

Overfull \hbox (0.99524pt too wide) in paragraph at lines 1633--1634
 [][] 
 []


Package pgfplots Warning: You have an axis with empty range (in direction y). Replacing it with a default range and clearing all plots. on input line 1670.

 [warning /pgfplots/warning/empty range cleared axis]

Package pgfplots Warning: You have an axis with empty range (in direction y). Replacing it with a default range and clearing all plots. on input line 1687.

 [warning /pgfplots/warning/empty range cleared axis]

Package pgfplots Warning: You have an axis with empty range (in direction y). Replacing it with a default range and clearing all plots. on input line 1702.

 [warning /pgfplots/warning/empty range cleared axis]


[47{C:/Users/ASUS/AppData/Local/Programs/MiKTeX/fonts/enc/dvips/lm/lm-rm.enc}]
Package pgfplots info on input line 1728: Using 'lua backend=false' for axis: x coord trafo unsupported.
LaTeX Font Info:    External font `lmex10' loaded for size
(Font)              <5> on input line 1733.
Package pgfplots info on input line 1762: Using 'lua backend=false' for axis: x coord trafo unsupported.

Underfull \hbox (badness 2689) in paragraph at lines 1767--1767
 [][]$\OT1/lmr/m/n/10.95 0$
 []


Underfull \hbox (badness 1769) in paragraph at lines 1767--1767
 [][]$\OT1/lmr/m/n/10.95 0\OML/lmm/m/it/10.95 :\OT1/lmr/m/n/10.95 2$
 []


Underfull \hbox (badness 1769) in paragraph at lines 1767--1767
 [][]$\OT1/lmr/m/n/10.95 0\OML/lmm/m/it/10.95 :\OT1/lmr/m/n/10.95 4$
 []


Underfull \hbox (badness 1769) in paragraph at lines 1767--1767
 [][]$\OT1/lmr/m/n/10.95 0\OML/lmm/m/it/10.95 :\OT1/lmr/m/n/10.95 6$
 []


Underfull \hbox (badness 1769) in paragraph at lines 1767--1767
 [][]$\OT1/lmr/m/n/10.95 0\OML/lmm/m/it/10.95 :\OT1/lmr/m/n/10.95 8$
 []


Underfull \hbox (badness 2689) in paragraph at lines 1767--1767
 [][]$\OT1/lmr/m/n/10.95 1$
 []


Underfull \hbox (badness 1769) in paragraph at lines 1767--1767
 [][]$\OT1/lmr/m/n/10.95 1\OML/lmm/m/it/10.95 :\OT1/lmr/m/n/10.95 2$
 []


Underfull \hbox (badness 1769) in paragraph at lines 1767--1767
 [][]$\OT1/lmr/m/n/10.95 1\OML/lmm/m/it/10.95 :\OT1/lmr/m/n/10.95 4$
 []


Underfull \hbox (badness 1769) in paragraph at lines 1767--1767
 [][]$\OT1/lmr/m/n/10.95 1\OML/lmm/m/it/10.95 :\OT1/lmr/m/n/10.95 6$
 []


Underfull \hbox (badness 1769) in paragraph at lines 1767--1767
 [][]$\OT1/lmr/m/n/10.95 1\OML/lmm/m/it/10.95 :\OT1/lmr/m/n/10.95 8$
 []


Underfull \hbox (badness 2689) in paragraph at lines 1767--1767
 [][]$\OT1/lmr/m/n/10.95 2$
 []


Underfull \hbox (badness 1769) in paragraph at lines 1767--1767
 [][]$\OT1/lmr/m/n/10.95 2\OML/lmm/m/it/10.95 :\OT1/lmr/m/n/10.95 2$
 []


Underfull \hbox (badness 1769) in paragraph at lines 1767--1767
 [][]$\OT1/lmr/m/n/10.95 2\OML/lmm/m/it/10.95 :\OT1/lmr/m/n/10.95 4$
 []


Underfull \hbox (badness 1769) in paragraph at lines 1767--1767
 [][]$\OT1/lmr/m/n/10.95 2\OML/lmm/m/it/10.95 :\OT1/lmr/m/n/10.95 6$
 []


Underfull \hbox (badness 1769) in paragraph at lines 1767--1767
 [][]$\OT1/lmr/m/n/10.95 2\OML/lmm/m/it/10.95 :\OT1/lmr/m/n/10.95 8$
 []


Underfull \hbox (badness 1694) in paragraph at lines 1767--1767
 [][]\T1/lmss/m/n/10.95 HR
 []


Overfull \hbox (62.60062pt too wide) in paragraph at lines 1768--1769
 [][] 
 []



[48{C:/Users/ASUS/AppData/Local/Programs/MiKTeX/fonts/enc/dvips/lm/lm-mathit.enc}]

[49]

Package siunitx Info: Option "table-space-text-post" has been deprecated in
(siunitx)             this release.
(siunitx)             
(siunitx)             Use "table-format" as a replacement.


Package siunitx Info: Option "table-space-text-post" has been deprecated in
(siunitx)             this release.
(siunitx)             
(siunitx)             Use "table-format" as a replacement.


Package siunitx Info: Option "table-space-text-post" has been deprecated in
(siunitx)             this release.
(siunitx)             
(siunitx)             Use "table-format" as a replacement.


Package siunitx Info: Option "table-space-text-post" has been deprecated in
(siunitx)             this release.
(siunitx)             
(siunitx)             Use "table-format" as a replacement.


Package siunitx Info: Option "table-space-text-post" has been deprecated in
(siunitx)             this release.
(siunitx)             
(siunitx)             Use "table-format" as a replacement.



[50]

[51]
<l0_dfd_mermaid.png, id=1069, 3854.4pt x 3800.1975pt>
File: l0_dfd_mermaid.png Graphic file (type png)
<use l0_dfd_mermaid.png>
Package pdftex.def Info: l0_dfd_mermaid.png  used on input line 1893.
(pdftex.def)             Requested size: 489.10287pt x 482.21382pt.
<p1_dfd_mermaid.png, id=1070, 2777.37625pt x 3854.4pt>
File: p1_dfd_mermaid.png Graphic file (type png)
<use p1_dfd_mermaid.png>
Package pdftex.def Info: p1_dfd_mermaid.png  used on input line 1905.
(pdftex.def)             Requested size: 391.28378pt x 542.96469pt.


[52]

[53 <./l0_dfd_mermaid.png>]

[54 <./p1_dfd_mermaid.png>]
<p2_dfd_mermaid.png, id=1089, 2912.8825pt x 3854.4pt>
File: p2_dfd_mermaid.png Graphic file (type png)
<use p2_dfd_mermaid.png>
Package pdftex.def Info: p2_dfd_mermaid.png  used on input line 1916.
(pdftex.def)             Requested size: 366.82715pt x 485.38644pt.


[55 <./p2_dfd_mermaid.png>]
<p3_dfd_mermaid.png, id=1096, 3854.4pt x 2156.055pt>
File: p3_dfd_mermaid.png Graphic file (type png)
<use p3_dfd_mermaid.png>
Package pdftex.def Info: p3_dfd_mermaid.png  used on input line 1927.
(pdftex.def)             Requested size: 489.10287pt x 273.58565pt.


[56 <./p3_dfd_mermaid.png>]
<p4_dfd_mermaid.png, id=1103, 3854.4pt x 3391.67125pt>
File: p4_dfd_mermaid.png Graphic file (type png)
<use p4_dfd_mermaid.png>
Package pdftex.def Info: p4_dfd_mermaid.png  used on input line 1938.
(pdftex.def)             Requested size: 489.10287pt x 430.3752pt.


[57 <./p4_dfd_mermaid.png>]
<p5_dfd_mermaid.png, id=1110, 3854.4pt x 2398.9625pt>
File: p5_dfd_mermaid.png Graphic file (type png)
<use p5_dfd_mermaid.png>
Package pdftex.def Info: p5_dfd_mermaid.png  used on input line 1949.
(pdftex.def)             Requested size: 489.10287pt x 304.40862pt.


[58 <./p5_dfd_mermaid.png>]

[59]

[60]

[61]

[62]
Underfull \hbox (badness 10000) in paragraph at lines 2036--2036
[]|\T1/lmss/m/n/12 System 2: Dig-i-tal
 []


Underfull \hbox (badness 2213) in paragraph at lines 2036--2036
[]|\T1/lmss/m/n/12 System 3: Lean IT
 []


Underfull \hbox (badness 10000) in paragraph at lines 2038--2038
[]|\T1/lmss/m/n/12 Initial Cost
 []


Underfull \hbox (badness 10000) in paragraph at lines 2040--2040
[]|\T1/lmss/m/n/12 Annual Main-te-
 []


Underfull \hbox (badness 10000) in paragraph at lines 2042--2042
[]|\T1/lmss/m/n/12 Training Costs
 []


Underfull \hbox (badness 10000) in paragraph at lines 2046--2046
[]|\T1/lmss/m/n/12 Break-Even Pe-
 []


Underfull \hbox (badness 6493) in paragraph at lines 2048--2048
[]|\T1/lmss/m/n/12 Operational Im-
 []


Underfull \hbox (badness 10000) in paragraph at lines 2048--2048
[]|\T1/lmss/m/n/12 Increased de-liv-ery
 []


Underfull \hbox (badness 10000) in paragraph at lines 2048--2048
\T1/lmss/m/n/12 speed, higher staff
 []


Underfull \hbox (badness 10000) in paragraph at lines 2050--2050
[]|\T1/lmss/m/n/12 Migration down-time,
 []


Overfull \hbox (6.82089pt too wide) in paragraph at lines 2061--2061
[]|\T1/lmss/m/n/12 Weighting
 []


Overfull \hbox (6.39087pt too wide) in paragraph at lines 2061--2061
[]|\T1/lmss/m/n/12 Candidate
 []


Overfull \hbox (6.39087pt too wide) in paragraph at lines 2061--2061
[]|\T1/lmss/m/n/12 Candidate
 []


Overfull \hbox (6.39087pt too wide) in paragraph at lines 2061--2061
[]|\T1/lmss/m/n/12 Candidate
 []


Overfull \hbox (6.39087pt too wide) in paragraph at lines 2061--2061
[]|\T1/lmss/m/n/12 Candidate
 []


Overfull \hbox (6.39087pt too wide) in paragraph at lines 2061--2061
[]|\T1/lmss/m/n/12 Candidate
 []


Overfull \hbox (6.39087pt too wide) in paragraph at lines 2061--2061
[]|\T1/lmss/m/n/12 Candidate
 []


Underfull \hbox (badness 10000) in paragraph at lines 2065--2065
[]|\T1/lmss/m/n/12 Employee-
 []


Overfull \hbox (0.6898pt too wide) in paragraph at lines 2082--2082
[]|\T1/lmss/m/n/12 Weight
 []


Underfull \hbox (badness 10000) in paragraph at lines 2082--2082
[]|\T1/lmss/m/n/12 C1
 []


Underfull \hbox (badness 10000) in paragraph at lines 2082--2082
[]|\T1/lmss/m/n/12 C1
 []


Underfull \hbox (badness 10000) in paragraph at lines 2082--2082
[]|\T1/lmss/m/n/12 C2
 []


Underfull \hbox (badness 10000) in paragraph at lines 2082--2082
[]|\T1/lmss/m/n/12 C2
 []


Underfull \hbox (badness 10000) in paragraph at lines 2082--2082
[]|\T1/lmss/m/n/12 C3
 []


Underfull \hbox (badness 10000) in paragraph at lines 2082--2082
[]|\T1/lmss/m/n/12 C3
 []


LaTeX Warning: `h' float specifier changed to `ht'.



[63{C:/Users/ASUS/AppData/Local/Programs/MiKTeX/fonts/enc/dvips/lm/lm-mathsy.enc}]
Underfull \hbox (badness 10000) in paragraph at lines 2100--2100
[]|\T1/lmss/bx/n/12 Candidate
 []


Underfull \hbox (badness 10000) in paragraph at lines 2100--2100
[]|\T1/lmss/bx/n/12 Candidate
 []


Underfull \hbox (badness 10000) in paragraph at lines 2100--2100
[]|\T1/lmss/bx/n/12 Candidate
 []



[64]

[65]
Overfull \hbox (0.58769pt too wide) in paragraph at lines 2209--2210
[]\T1/lmss/m/n/12 To cal-cu-late the break-even point in years, we use the for-mula where we di-vide ini-tial costs (1,00,00,000
 []

<break-even.png, id=1147, 1003.75pt x 602.25pt>
File: break-even.png Graphic file (type png)
<use break-even.png>
Package pdftex.def Info: break-even.png  used on input line 2213.
(pdftex.def)             Requested size: 489.10287pt x 293.46933pt.


[66]

[67 <./break-even.png>]
<new_dfd/level0_3.png, id=1158, 3834.325pt x 2479.2625pt>
File: new_dfd/level0_3.png Graphic file (type png)
<use new_dfd/level0_3.png>
Package pdftex.def Info: new_dfd/level0_3.png  used on input line 2245.
(pdftex.def)             Requested size: 489.10287pt x 316.22473pt.


[68]

[69 <./new_dfd/level0_3.png>]

[70]
<new_dfd/problem1_3.png, id=1172, 2391.93625pt x 3183.895pt>
File: new_dfd/problem1_3.png Graphic file (type png)
<use new_dfd/problem1_3.png>
Package pdftex.def Info: new_dfd/problem1_3.png  used on input line 2330.
(pdftex.def)             Requested size: 489.10287pt x 651.00233pt.


[71]

[72 <./new_dfd/problem1_3.png>]

[73]

[74]
<new_dfd/problem2_2.png, id=1191, 2054.67625pt x 3089.5425pt>
File: new_dfd/problem2_2.png Graphic file (type png)
<use new_dfd/problem2_2.png>
Package pdftex.def Info: new_dfd/problem2_2.png  used on input line 2414.
(pdftex.def)             Requested size: 489.10287pt x 735.42398pt.


[75]
Overfull \vbox (59.4171pt too high) has occurred while \output is active []



[76 <./new_dfd/problem2_2.png>]

[77]
<new_dfd/problem3_3.png, id=1205, 2497.33pt x 2118.91624pt>
File: new_dfd/problem3_3.png Graphic file (type png)
<use new_dfd/problem3_3.png>
Package pdftex.def Info: new_dfd/problem3_3.png  used on input line 2459.
(pdftex.def)             Requested size: 489.10287pt x 414.98143pt.


[78 <./new_dfd/problem3_3.png>]

[79]
<new_dfd/problem4.png, id=1216, 2713.13625pt x 2260.445pt>
File: new_dfd/problem4.png Graphic file (type png)
<use new_dfd/problem4.png>
Package pdftex.def Info: new_dfd/problem4.png  used on input line 2523.
(pdftex.def)             Requested size: 489.10287pt x 407.4834pt.


[80]

[81 <./new_dfd/problem4.png>]

[82]
<new_dfd/problem5_1.png, id=1230, 2515.3975pt x 2173.11874pt>
File: new_dfd/problem5_1.png Graphic file (type png)
<use new_dfd/problem5_1.png>
Package pdftex.def Info: new_dfd/problem5_1.png  used on input line 2593.
(pdftex.def)             Requested size: 489.10287pt x 422.54614pt.


[83]

[84 <./new_dfd/problem5_1.png>]

[85]

[86]
<database design/er.png, id=1254, 2963.07pt x 2193.19376pt>
File: database design/er.png Graphic file (type png)
<use database design/er.png>
Package pdftex.def Info: database design/er.png  used on input line 2692.
(pdftex.def)             Requested size: 489.10287pt x 361.99522pt.


[87]

[88 <./database design/er.png>]

[89]
<database design/dbms.png, id=1276, 179.92218pt x 233.37187pt>
File: database design/dbms.png Graphic file (type png)
<use database design/dbms.png>
Package pdftex.def Info: database design/dbms.png  used on input line 2799.
(pdftex.def)             Requested size: 244.55144pt x 317.22485pt.


[90 <./database design/dbms.png>]
<database design/ers.png, id=1283, 1493.58pt x 1664.2175pt>
File: database design/ers.png Graphic file (type png)
<use database design/ers.png>
Package pdftex.def Info: database design/ers.png  used on input line 2825.
(pdftex.def)             Requested size: 293.4647pt x 326.97162pt.


[91 <./database design/ers.png>]
<database design/customer.png, id=1289, 688.07062pt x 153.57375pt>
File: database design/customer.png Graphic file (type png)
<use database design/customer.png>
Package pdftex.def Info: database design/customer.png  used on input line 2851.
(pdftex.def)             Requested size: 489.10287pt x 109.16466pt.

Underfull \hbox (badness 10000) in paragraph at lines 2865--2865
[]|\T1/lmss/m/n/12 Product cat-e-gory name (e.g.,
 []

<database design/catagory.png, id=1290, 206.27063pt x 151.3153pt>
File: database design/catagory.png Graphic file (type png)
<use database design/catagory.png>
Package pdftex.def Info: database design/catagory.png  used on input line 2872.
(pdftex.def)             Requested size: 195.63815pt x 143.51782pt.


[92 <./database design/customer.png> <./database design/catagory.png>]
<database design/product.png, id=1297, 680.5425pt x 287.57437pt>
File: database design/product.png Graphic file (type png)
<use database design/product.png>
Package pdftex.def Info: database design/product.png  used on input line 2898.
(pdftex.def)             Requested size: 489.10287pt x 206.6804pt.
<database design/order.png, id=1298, 455.45157pt x 153.57375pt>
File: database design/order.png Graphic file (type png)
<use database design/order.png>
Package pdftex.def Info: database design/order.png  used on input line 2924.
(pdftex.def)             Requested size: 489.10287pt x 164.92451pt.


[93 <./database design/product.png>]
Underfull \hbox (badness 1297) in paragraph at lines 2937--2937
[]|\T1/lmss/m/n/12 Unique iden-ti-fier for each or-der
 []

<database design/order_item.png, id=1304, 389.95688pt x 283.81032pt>
File: database design/order_item.png Graphic file (type png)
<use database design/order_item.png>
Package pdftex.def Info: database design/order_item.png  used on input line 2947.
(pdftex.def)             Requested size: 293.4647pt x 213.5934pt.

Underfull \hbox (badness 10000) in paragraph at lines 2961--2961
[]|\T1/lmss/m/n/12 Method of pay-ment (^^PCash^^Q,
 []


Underfull \hbox (badness 3291) in paragraph at lines 2962--2962
[]|\T1/lmss/m/n/12 Status of pay-ment (^^PPend-ing^^Q,
 []



[94 <./database design/order.png> <./database design/order_item.png>]
<database design/payment.png, id=1311, 389.95688pt x 283.81032pt>
File: database design/payment.png Graphic file (type png)
<use database design/payment.png>
Package pdftex.def Info: database design/payment.png  used on input line 2970.
(pdftex.def)             Requested size: 293.4647pt x 213.5934pt.
<database design/deliver.png, id=1312, 501.37312pt x 151.3153pt>
File: database design/deliver.png Graphic file (type png)
<use database design/deliver.png>
Package pdftex.def Info: database design/deliver.png  used on input line 2994.
(pdftex.def)             Requested size: 489.10287pt x 147.6184pt.


[95 <./database design/payment.png>]

[96 <./database design/deliver.png>]
<login with email.png, id=1324, 283.81032pt x 371.88937pt>
File: login with email.png Graphic file (type png)
<use login with email.png>
Package pdftex.def Info: login with email.png  used on input line 3048.
(pdftex.def)             Requested size: 171.18898pt x 224.32132pt.
<Login with mobile.png, id=1325, 283.81032pt x 370.38374pt>
File: Login with mobile.png Graphic file (type png)
<use Login with mobile.png>
Package pdftex.def Info: Login with mobile.png  used on input line 3054.
(pdftex.def)             Requested size: 171.18898pt x 223.41313pt.


[97]
<Profile setup.png, id=1332, 455.45157pt x 545.03625pt>
File: Profile setup.png Graphic file (type png)
<use Profile setup.png>
Package pdftex.def Info: Profile setup.png  used on input line 3063.
(pdftex.def)             Requested size: 293.4647pt x 351.19223pt.


[98 <./login with email.png> <./Login with mobile.png> <./Profile setup.png>]
<forget password.png, id=1340, 285.31593pt x 217.5628pt>
File: forget password.png Graphic file (type png)
<use forget password.png>
Package pdftex.def Info: forget password.png  used on input line 3073.
(pdftex.def)             Requested size: 244.55144pt x 186.47957pt.
<Delivery address.png, id=1341, 716.6775pt x 191.21437pt>
File: Delivery address.png Graphic file (type png)
<use Delivery address.png>
Package pdftex.def Info: Delivery address.png  used on input line 3103.
(pdftex.def)             Requested size: 489.10287pt x 130.4967pt.


[99 <./forget password.png>]
LaTeX Font Info:    Font shape `T1/lmss/m/it' in size <10.95> not available
(Font)              Font shape `T1/lmss/m/sl' tried instead on input line 3122.
<Payment method.png, id=1348, 321.45094pt x 204.765pt>
File: Payment method.png Graphic file (type png)
<use Payment method.png>
Package pdftex.def Info: Payment method.png  used on input line 3137.
(pdftex.def)             Requested size: 220.09479pt x 140.2038pt.
<Instruction.png, id=1349, 372.64218pt x 374.14781pt>
File: Instruction.png Graphic file (type png)
<use Instruction.png>
Package pdftex.def Info: Instruction.png  used on input line 3143.
(pdftex.def)             Requested size: 220.09479pt x 220.97935pt.


[100 <./Delivery address.png>]
<payment mode.png, id=1355, 376.40625pt x 94.10156pt>
File: payment mode.png Graphic file (type png)
<use payment mode.png>
Package pdftex.def Info: payment mode.png  used on input line 3152.
(pdftex.def)             Requested size: 489.10287pt x 122.2846pt.


[101 <./Payment method.png> <./Instruction.png> <./payment mode.png>]

[102]

Package natbib Warning: There were undefined citations.



[103] (report.aux)
 ***********
LaTeX2e <2025-06-01> patch level 1
L3 programming layer <2025-07-19>
 ***********
Package rerunfilecheck Info: File `report.out' has not changed.
(rerunfilecheck)             Checksum: 4D85596CA128F2D4AC14EFF7CDDD3595;19953.
 ) 
Here is how much of TeX's memory you used:
 44393 strings out of 468149
 1062300 string characters out of 5431566
 1513316 words of memory out of 5000000
 71897 multiletter control sequences out of 15000+600000
 737811 words of font info for 102 fonts, out of 8000000 for 9000
 1141 hyphenation exceptions out of 8191
 116i,19n,121p,2069b,2410s stack positions out of 10000i,1000n,20000p,200000b,200000s
<C:/Users/ASUS/AppData/Local/Programs/MiKTeX/fonts/type1/public/lm/lmmi10.pfb><C:/Users/ASUS/AppData/Local/Programs/MiKTeX/fonts/type1/public/lm/lmmi12.pfb><C:/Users/ASUS/AppData/Local/Programs/MiKTeX/fonts/type1/public/lm/lmmi6.pfb><C:/Users/ASUS/AppData/Local/Programs/MiKTeX/fonts/type1/public/lm/lmr10.pfb><C:/Users/ASUS/AppData/Local/Programs/MiKTeX/fonts/type1/public/lm/lmr12.pfb><C:/Users/ASUS/AppData/Local/Programs/MiKTeX/fonts/type1/public/lm/lmr6.pfb><C:/Users/ASUS/AppData/Local/Programs/MiKTeX/fonts/type1/public/lm/lmss10.pfb><C:/Users/ASUS/AppData/Local/Programs/MiKTeX/fonts/type1/public/lm/lmss12.pfb><C:/Users/ASUS/AppData/Local/Programs/MiKTeX/fonts/type1/public/lm/lmss8.pfb><C:/Users/ASUS/AppData/Local/Programs/MiKTeX/fonts/type1/public/lm/lmssbx10.pfb><C:/Users/ASUS/AppData/Local/Programs/MiKTeX/fonts/type1/public/lm/lmsso10.pfb><C:/Users/ASUS/AppData/Local/Programs/MiKTeX/fonts/type1/public/lm/lmsso12.pfb><C:/Users/ASUS/AppData/Local/Programs/MiKTeX/fonts/type1/public/lm/lmsy10.pfb><C:/Users/ASUS/AppData/Local/Programs/MiKTeX/fonts/type1/public/lm/lmtt12.pfb>
Output written on report.pdf (110 pages, 6362342 bytes).
PDF statistics:
 1539 PDF objects out of 1728 (max. 8388607)
 461 named destinations out of 1000 (max. 500000)
 1007 words of extra memory for PDF output out of 10000 (max. 10000000)

